Component: ARM Compiler 5.06 update 7 (build 960) Tool: armlink [4d3601]

==============================================================================

Section Cross References

    startup_stm32f407xx.o(RESET) refers to startup_stm32f407xx.o(STACK) for __initial_sp
    startup_stm32f407xx.o(RESET) refers to startup_stm32f407xx.o(.text) for Reset_Handler
    startup_stm32f407xx.o(RESET) refers to stm32f4xx_it.o(i.NMI_Handler) for NMI_Handler
    startup_stm32f407xx.o(RESET) refers to stm32f4xx_it.o(i.HardFault_Handler) for HardFault_Handler
    startup_stm32f407xx.o(RESET) refers to stm32f4xx_it.o(i.MemManage_Handler) for MemManage_Handler
    startup_stm32f407xx.o(RESET) refers to stm32f4xx_it.o(i.BusFault_Handler) for BusFault_Handler
    startup_stm32f407xx.o(RESET) refers to stm32f4xx_it.o(i.UsageFault_Handler) for UsageFault_Handler
    startup_stm32f407xx.o(RESET) refers to port.o(.emb_text) for SVC_Handler
    startup_stm32f407xx.o(RESET) refers to stm32f4xx_it.o(i.DebugMon_Handler) for DebugMon_Handler
    startup_stm32f407xx.o(RESET) refers to cmsis_os2.o(i.SysTick_Handler) for SysTick_Handler
    startup_stm32f407xx.o(RESET) refers to stm32f4xx_it.o(i.EXTI2_IRQHandler) for EXTI2_IRQHandler
    startup_stm32f407xx.o(RESET) refers to stm32f4xx_it.o(i.DMA1_Stream5_IRQHandler) for DMA1_Stream5_IRQHandler
    startup_stm32f407xx.o(RESET) refers to stm32f4xx_it.o(i.TIM1_UP_TIM10_IRQHandler) for TIM1_UP_TIM10_IRQHandler
    startup_stm32f407xx.o(RESET) refers to stm32f4xx_it.o(i.TIM2_IRQHandler) for TIM2_IRQHandler
    startup_stm32f407xx.o(RESET) refers to stm32f4xx_it.o(i.USART1_IRQHandler) for USART1_IRQHandler
    startup_stm32f407xx.o(RESET) refers to stm32f4xx_it.o(i.USART2_IRQHandler) for USART2_IRQHandler
    startup_stm32f407xx.o(RESET) refers to stm32f4xx_it.o(i.USART3_IRQHandler) for USART3_IRQHandler
    startup_stm32f407xx.o(RESET) refers to stm32f4xx_it.o(i.TIM8_UP_TIM13_IRQHandler) for TIM8_UP_TIM13_IRQHandler
    startup_stm32f407xx.o(RESET) refers to stm32f4xx_it.o(i.DMA2_Stream1_IRQHandler) for DMA2_Stream1_IRQHandler
    startup_stm32f407xx.o(RESET) refers to stm32f4xx_it.o(i.DMA2_Stream3_IRQHandler) for DMA2_Stream3_IRQHandler
    startup_stm32f407xx.o(RESET) refers to stm32f4xx_it.o(i.USART6_IRQHandler) for USART6_IRQHandler
    startup_stm32f407xx.o(.text) refers to system_stm32f4xx.o(i.SystemInit) for SystemInit
    startup_stm32f407xx.o(.text) refers to entry.o(.ARM.Collect$$$$00000000) for __main
    motor.o(i.motor) refers to stm32f4xx_hal_gpio.o(i.HAL_GPIO_WritePin) for HAL_GPIO_WritePin
    motor.o(i.motor) refers to tim.o(.bss) for htim5
    fonts.o(i.FONTS_GetStringSize) refers to strlen.o(.text) for strlen
    fonts.o(.data) refers to fonts.o(.constdata) for Font7x10
    fonts.o(.data) refers to fonts.o(.constdata) for Font11x18
    fonts.o(.data) refers to fonts.o(.constdata) for Font16x26
    oled.o(i.OLED_Clear) refers to oled.o(i.OLED_WR_CMD) for OLED_WR_CMD
    oled.o(i.OLED_Clear) refers to oled.o(i.OLED_WR_DATA) for OLED_WR_DATA
    oled.o(i.OLED_Clearrow) refers to oled.o(i.OLED_WR_CMD) for OLED_WR_CMD
    oled.o(i.OLED_Clearrow) refers to oled.o(i.OLED_WR_DATA) for OLED_WR_DATA
    oled.o(i.OLED_Display_Off) refers to oled.o(i.OLED_WR_CMD) for OLED_WR_CMD
    oled.o(i.OLED_Display_On) refers to oled.o(i.OLED_WR_CMD) for OLED_WR_CMD
    oled.o(i.OLED_Init) refers to stm32f4xx_hal.o(i.HAL_Delay) for HAL_Delay
    oled.o(i.OLED_Init) refers to oled.o(i.WriteCmd) for WriteCmd
    oled.o(i.OLED_On) refers to oled.o(i.OLED_WR_CMD) for OLED_WR_CMD
    oled.o(i.OLED_On) refers to oled.o(i.OLED_WR_DATA) for OLED_WR_DATA
    oled.o(i.OLED_Set_Pos) refers to oled.o(i.OLED_WR_CMD) for OLED_WR_CMD
    oled.o(i.OLED_ShowCHinese) refers to oled.o(i.OLED_Set_Pos) for OLED_Set_Pos
    oled.o(i.OLED_ShowCHinese) refers to oled.o(i.OLED_WR_DATA) for OLED_WR_DATA
    oled.o(i.OLED_ShowCHinese) refers to oled.o(.data) for .data
    oled.o(i.OLED_ShowChar) refers to oled.o(i.OLED_Set_Pos) for OLED_Set_Pos
    oled.o(i.OLED_ShowChar) refers to oled.o(i.OLED_WR_DATA) for OLED_WR_DATA
    oled.o(i.OLED_ShowChar) refers to oled.o(.constdata) for .constdata
    oled.o(i.OLED_ShowNum) refers to oled.o(i.oled_pow) for oled_pow
    oled.o(i.OLED_ShowNum) refers to oled.o(i.OLED_ShowChar) for OLED_ShowChar
    oled.o(i.OLED_ShowString) refers to oled.o(i.OLED_ShowChar) for OLED_ShowChar
    oled.o(i.OLED_WR_CMD) refers to stm32f4xx_hal_i2c.o(i.HAL_I2C_Mem_Write) for HAL_I2C_Mem_Write
    oled.o(i.OLED_WR_CMD) refers to i2c.o(.bss) for hi2c1
    oled.o(i.OLED_WR_DATA) refers to stm32f4xx_hal_i2c.o(i.HAL_I2C_Mem_Write) for HAL_I2C_Mem_Write
    oled.o(i.OLED_WR_DATA) refers to i2c.o(.bss) for hi2c1
    oled.o(i.OLED_ver_scroll) refers to oled.o(i.OLED_WR_CMD) for OLED_WR_CMD
    oled.o(i.WriteCmd) refers to oled.o(i.OLED_WR_CMD) for OLED_WR_CMD
    oled.o(i.WriteCmd) refers to oled.o(i.OLED_Clear) for OLED_Clear
[...]
    OTG_FS_IRQHandler                        0x0800027b   Thumb Code     0  startup_stm32f407xx.o(.text)
    OTG_FS_WKUP_IRQHandler                   0x0800027b   Thumb Code     0  startup_stm32f407xx.o(.text)
    OTG_HS_EP1_IN_IRQHandler                 0x0800027b   Thumb Code     0  startup_stm32f407xx.o(.text)
    OTG_HS_EP1_OUT_IRQHandler                0x0800027b   Thumb Code     0  startup_stm32f407xx.o(.text)
    OTG_HS_IRQHandler                        0x0800027b   Thumb Code     0  startup_stm32f407xx.o(.text)
    OTG_HS_WKUP_IRQHandler                   0x0800027b   Thumb Code     0  startup_stm32f407xx.o(.text)
    PVD_IRQHandler                           0x0800027b   Thumb Code     0  startup_stm32f407xx.o(.text)
    RCC_IRQHandler                           0x0800027b   Thumb Code     0  startup_stm32f407xx.o(.text)
    RTC_Alarm_IRQHandler                     0x0800027b   Thumb Code     0  startup_stm32f407xx.o(.text)
    RTC_WKUP_IRQHandler                      0x0800027b   Thumb Code     0  startup_stm32f407xx.o(.text)
    SDIO_IRQHandler                          0x0800027b   Thumb Code     0  startup_stm32f407xx.o(.text)
    SPI1_IRQHandler                          0x0800027b   Thumb Code     0  startup_stm32f407xx.o(.text)
    SPI2_IRQHandler                          0x0800027b   Thumb Code     0  startup_stm32f407xx.o(.text)
    SPI3_IRQHandler                          0x0800027b   Thumb Code     0  startup_stm32f407xx.o(.text)
    TAMP_STAMP_IRQHandler                    0x0800027b   Thumb Code     0  startup_stm32f407xx.o(.text)
    TIM1_BRK_TIM9_IRQHandler                 0x0800027b   Thumb Code     0  startup_stm32f407xx.o(.text)
    TIM1_CC_IRQHandler                       0x0800027b   Thumb Code     0  startup_stm32f407xx.o(.text)
    TIM1_TRG_COM_TIM11_IRQHandler            0x0800027b   Thumb Code     0  startup_stm32f407xx.o(.text)
    TIM3_IRQHandler                          0x0800027b   Thumb Code     0  startup_stm32f407xx.o(.text)
    TIM4_IRQHandler                          0x0800027b   Thumb Code     0  startup_stm32f407xx.o(.text)
    TIM5_IRQHandler                          0x0800027b   Thumb Code     0  startup_stm32f407xx.o(.text)
    TIM6_DAC_IRQHandler                      0x0800027b   Thumb Code     0  startup_stm32f407xx.o(.text)
    TIM7_IRQHandler                          0x0800027b   Thumb Code     0  startup_stm32f407xx.o(.text)
    TIM8_BRK_TIM12_IRQHandler                0x0800027b   Thumb Code     0  startup_stm32f407xx.o(.text)
    TIM8_CC_IRQHandler                       0x0800027b   Thumb Code     0  startup_stm32f407xx.o(.text)
    TIM8_TRG_COM_TIM14_IRQHandler            0x0800027b   Thumb Code     0  startup_stm32f407xx.o(.text)
    UART4_IRQHandler                         0x0800027b   Thumb Code     0  startup_stm32f407xx.o(.text)
    UART5_IRQHandler                         0x0800027b   Thumb Code     0  startup_stm32f407xx.o(.text)
    WWDG_IRQHandler                          0x0800027b   Thumb Code     0  startup_stm32f407xx.o(.text)
    __aeabi_uldivmod                         0x08000285   Thumb Code    98  uldiv.o(.text)
    __aeabi_memcpy                           0x080002e7   Thumb Code    36  memcpya.o(.text)
    __aeabi_memcpy4                          0x080002e7   Thumb Code     0  memcpya.o(.text)
    __aeabi_memcpy8                          0x080002e7   Thumb Code     0  memcpya.o(.text)
    __aeabi_memset                           0x0800030b   Thumb Code    14  memseta.o(.text)
    __aeabi_memset4                          0x0800030b   Thumb Code     0  memseta.o(.text)
    __aeabi_memset8                          0x0800030b   Thumb Code     0  memseta.o(.text)
    __aeabi_memclr                           0x08000319   Thumb Code     4  memseta.o(.text)
    __aeabi_memclr4                          0x08000319   Thumb Code     0  memseta.o(.text)
    __aeabi_memclr8                          0x08000319   Thumb Code     0  memseta.o(.text)
    memset                                   0x0800031d   Thumb Code    18  memseta.o(.text)
    __aeabi_dmul                             0x0800032f   Thumb Code   228  dmul.o(.text)
    __aeabi_ddiv                             0x08000413   Thumb Code   222  ddiv.o(.text)
    __aeabi_f2d                              0x080004f1   Thumb Code    38  f2d.o(.text)
    __aeabi_d2f                              0x08000517   Thumb Code    56  d2f.o(.text)
    __aeabi_uidiv                            0x0800054f   Thumb Code     0  uidiv.o(.text)
    __aeabi_uidivmod                         0x0800054f   Thumb Code    44  uidiv.o(.text)
    __aeabi_llsl                             0x0800057b   Thumb Code    30  llshl.o(.text)
    _ll_shift_l                              0x0800057b   Thumb Code     0  llshl.o(.text)
    __aeabi_llsr                             0x08000599   Thumb Code    32  llushr.o(.text)
    _ll_ushift_r                             0x08000599   Thumb Code     0  llushr.o(.text)
    __I$use$fp                               0x080005b9   Thumb Code     0  iusefp.o(.text)
    _float_round                             0x080005b9   Thumb Code    18  fepilogue.o(.text)
    _float_epilogue                          0x080005cb   Thumb Code    92  fepilogue.o(.text)
    _double_round                            0x08000627   Thumb Code    30  depilogue.o(.text)
    _double_epilogue                         0x08000645   Thumb Code   156  depilogue.o(.text)
    __aeabi_dadd                             0x080006e1   Thumb Code   322  dadd.o(.text)
    __aeabi_dsub                             0x08000823   Thumb Code     6  dadd.o(.text)
    __aeabi_drsub                            0x08000829   Thumb Code     6  dadd.o(.text)
    __aeabi_d2ulz                            0x0800082f   Thumb Code    48  dfixul.o(.text)
    __aeabi_cdrcmple                         0x08000861   Thumb Code    48  cdrcmple.o(.text)
    __ARM_fcmp4                              0x08000891   Thumb Code    54  fcmp4.o(.text)
    _fcmp4                                   0x08000891   Thumb Code     0  fcmp4.o(.text)
    __scatterload                            0x080008c9   Thumb Code    28  init.o(.text)
    __scatterload_rt2                        0x080008c9   Thumb Code     0  init.o(.text)
    __aeabi_lasr                             0x080008ed   Thumb Code    36  llsshr.o(.text)
    _ll_sshift_r                             0x080008ed   Thumb Code     0  llsshr.o(.text)
    ADCtask                                  0x08000a39   Thumb Code   106  freertos.o(i.ADCtask)
    BusFault_Handler                         0x08000ac1   Thumb Code     2  stm32f4xx_it.o(i.BusFault_Handler)
    DMA1_Stream5_IRQHandler                  0x08000ac5   Thumb Code     6  stm32f4xx_it.o(i.DMA1_Stream5_IRQHandler)
    DMA2_Stream1_IRQHandler                  0x08000ad1   Thumb Code     6  stm32f4xx_it.o(i.DMA2_Stream1_IRQHandler)
    DMA2_Stream3_IRQHandler                  0x08000add   Thumb Code     6  stm32f4xx_it.o(i.DMA2_Stream3_IRQHandler)
    DebugMon_Handler                         0x08000b8d   Thumb Code     2  stm32f4xx_it.o(i.DebugMon_Handler)
    EXTI2_IRQHandler                         0x08000b8f   Thumb Code     6  stm32f4xx_it.o(i.EXTI2_IRQHandler)
    EnabledUart                              0x08000b95   Thumb Code    20  uart_ringbuffer.o(i.EnabledUart)
    Error_Handler                            0x08000ba9   Thumb Code     4  main.o(i.Error_Handler)
    GetBuf                                   0x08000bad   Thumb Code    70  uart_ringbuffer.o(i.GetBuf)
    GetChar                                  0x08000bf3   Thumb Code    38  uart_ringbuffer.o(i.GetChar)
    HAL_ADC_ConfigChannel                    0x08000c19   Thumb Code   316  stm32f4xx_hal_adc.o(i.HAL_ADC_ConfigChannel)
    HAL_ADC_GetState                         0x08000d65   Thumb Code     4  stm32f4xx_hal_adc.o(i.HAL_ADC_GetState)
    HAL_ADC_GetValue                         0x08000d69   Thumb Code     6  stm32f4xx_hal_adc.o(i.HAL_ADC_GetValue)
    HAL_ADC_Init                             0x08000d6f   Thumb Code    84  stm32f4xx_hal_adc.o(i.HAL_ADC_Init)
    HAL_ADC_MspInit                          0x08000dc5   Thumb Code   126  adc.o(i.HAL_ADC_MspInit)
    HAL_ADC_PollForConversion                0x08000e55   Thumb Code   170  stm32f4xx_hal_adc.o(i.HAL_ADC_PollForConversion)
    HAL_ADC_Start                            0x08000f01   Thumb Code   228  stm32f4xx_hal_adc.o(i.HAL_ADC_Start)
    HAL_DMA_Abort                            0x08000ffd   Thumb Code   146  stm32f4xx_hal_dma.o(i.HAL_DMA_Abort)
    HAL_DMA_Abort_IT                         0x0800108f   Thumb Code    36  stm32f4xx_hal_dma.o(i.HAL_DMA_Abort_IT)
    HAL_DMA_IRQHandler                       0x080010b5   Thumb Code   412  stm32f4xx_hal_dma.o(i.HAL_DMA_IRQHandler)
    HAL_DMA_Init                             0x08001255   Thumb Code   206  stm32f4xx_hal_dma.o(i.HAL_DMA_Init)
    HAL_DMA_Start_IT                         0x08001329   Thumb Code   110  stm32f4xx_hal_dma.o(i.HAL_DMA_Start_IT)
    HAL_Delay                                0x08001399   Thumb Code    32  stm32f4xx_hal.o(i.HAL_Delay)
    HAL_GPIO_EXTI_Callback                   0x080013bd   Thumb Code     2  stm32f4xx_hal_gpio.o(i.HAL_GPIO_EXTI_Callback)
    HAL_GPIO_EXTI_IRQHandler                 0x080013c1   Thumb Code    18  stm32f4xx_hal_gpio.o(i.HAL_GPIO_EXTI_IRQHandler)
    HAL_GPIO_Init                            0x080013d9   Thumb Code   450  stm32f4xx_hal_gpio.o(i.HAL_GPIO_Init)
    HAL_GPIO_ReadPin                         0x080015c9   Thumb Code    10  stm32f4xx_hal_gpio.o(i.HAL_GPIO_ReadPin)
    HAL_GPIO_WritePin                        0x080015d3   Thumb Code    10  stm32f4xx_hal_gpio.o(i.HAL_GPIO_WritePin)
    HAL_GetTick                              0x080015dd   Thumb Code     6  stm32f4xx_hal.o(i.HAL_GetTick)
    HAL_I2C_Init                             0x080015e9   Thumb Code   376  stm32f4xx_hal_i2c.o(i.HAL_I2C_Init)
    HAL_I2C_Mem_Write                        0x08001771   Thumb Code   294  stm32f4xx_hal_i2c.o(i.HAL_I2C_Mem_Write)
    HAL_I2C_MspInit                          0x080018a1   Thumb Code   190  i2c.o(i.HAL_I2C_MspInit)
    HAL_IWDG_Init                            0x08001979   Thumb Code    90  stm32f4xx_hal_iwdg.o(i.HAL_IWDG_Init)
    HAL_IWDG_Refresh                         0x080019d3   Thumb Code    12  stm32f4xx_hal_iwdg.o(i.HAL_IWDG_Refresh)
    HAL_IncTick                              0x080019e1   Thumb Code    12  stm32f4xx_hal.o(i.HAL_IncTick)
    HAL_Init                                 0x080019f1   Thumb Code    48  stm32f4xx_hal.o(i.HAL_Init)
    HAL_InitTick                             0x08001a25   Thumb Code   120  stm32f4xx_hal_timebase_tim.o(i.HAL_InitTick)
    HAL_MspInit                              0x08001ab1   Thumb Code    52  stm32f4xx_hal_msp.o(i.HAL_MspInit)
    HAL_NVIC_EnableIRQ                       0x08001ae9   Thumb Code    26  stm32f4xx_hal_cortex.o(i.HAL_NVIC_EnableIRQ)
    HAL_NVIC_SetPriority                     0x08001b05   Thumb Code    60  stm32f4xx_hal_cortex.o(i.HAL_NVIC_SetPriority)
    HAL_NVIC_SetPriorityGrouping             0x08001b45   Thumb Code    26  stm32f4xx_hal_cortex.o(i.HAL_NVIC_SetPriorityGrouping)
    HAL_RCC_ClockConfig                      0x08001b69   Thumb Code   288  stm32f4xx_hal_rcc.o(i.HAL_RCC_ClockConfig)
    HAL_RCC_GetClockConfig                   0x08001c9d   Thumb Code    54  stm32f4xx_hal_rcc.o(i.HAL_RCC_GetClockConfig)
    HAL_RCC_GetPCLK1Freq                     0x08001cdd   Thumb Code    20  stm32f4xx_hal_rcc.o(i.HAL_RCC_GetPCLK1Freq)
    HAL_RCC_GetPCLK2Freq                     0x08001cfd   Thumb Code    20  stm32f4xx_hal_rcc.o(i.HAL_RCC_GetPCLK2Freq)
    HAL_RCC_GetSysClockFreq                  0x08001d1d   Thumb Code    88  stm32f4xx_hal_rcc.o(i.HAL_RCC_GetSysClockFreq)
    HAL_RCC_OscConfig                        0x08001d7d   Thumb Code   856  stm32f4xx_hal_rcc.o(i.HAL_RCC_OscConfig)
    HAL_SPI_ErrorCallback                    0x080020e9   Thumb Code     2  stm32f4xx_hal_spi.o(i.HAL_SPI_ErrorCallback)
    HAL_SPI_Init                             0x080020eb   Thumb Code   188  stm32f4xx_hal_spi.o(i.HAL_SPI_Init)
    HAL_SPI_MspInit                          0x080021a9   Thumb Code   142  spi.o(i.HAL_SPI_MspInit)
    HAL_SPI_Transmit                         0x0800224d   Thumb Code   358  stm32f4xx_hal_spi.o(i.HAL_SPI_Transmit)
    HAL_SPI_Transmit_DMA                     0x080023b5   Thumb Code   202  stm32f4xx_hal_spi.o(i.HAL_SPI_Transmit_DMA)
    HAL_SPI_TxCpltCallback                   0x0800248d   Thumb Code     2  stm32f4xx_hal_spi.o(i.HAL_SPI_TxCpltCallback)
    HAL_SPI_TxHalfCpltCallback               0x0800248f   Thumb Code     2  stm32f4xx_hal_spi.o(i.HAL_SPI_TxHalfCpltCallback)
    HAL_TIMEx_BreakCallback                  0x08002491   Thumb Code     2  stm32f4xx_hal_tim_ex.o(i.HAL_TIMEx_BreakCallback)
    HAL_TIMEx_CommutCallback                 0x08002493   Thumb Code     2  stm32f4xx_hal_tim_ex.o(i.HAL_TIMEx_CommutCallback)
    HAL_TIMEx_ConfigBreakDeadTime            0x08002495   Thumb Code    84  stm32f4xx_hal_tim_ex.o(i.HAL_TIMEx_ConfigBreakDeadTime)
    HAL_TIMEx_MasterConfigSynchronization    0x080024e9   Thumb Code   116  stm32f4xx_hal_tim_ex.o(i.HAL_TIMEx_MasterConfigSynchronization)
    HAL_TIM_Base_Init                        0x08002579   Thumb Code    90  stm32f4xx_hal_tim.o(i.HAL_TIM_Base_Init)
    HAL_TIM_Base_MspInit                     0x080025d5   Thumb Code   210  tim.o(i.HAL_TIM_Base_MspInit)
    HAL_TIM_Base_Start_IT                    0x080026bd   Thumb Code   100  stm32f4xx_hal_tim.o(i.HAL_TIM_Base_Start_IT)
    HAL_TIM_ConfigClockSource                0x0800273d   Thumb Code   220  stm32f4xx_hal_tim.o(i.HAL_TIM_ConfigClockSource)
    HAL_TIM_IC_CaptureCallback               0x08002819   Thumb Code   206  encoder.o(i.HAL_TIM_IC_CaptureCallback)
    HAL_TIM_IC_ConfigChannel                 0x080028f5   Thumb Code   286  stm32f4xx_hal_tim.o(i.HAL_TIM_IC_ConfigChannel)
    HAL_TIM_IC_Init                          0x08002a13   Thumb Code    90  stm32f4xx_hal_tim.o(i.HAL_TIM_IC_Init)
    HAL_TIM_IC_MspInit                       0x08002a6d   Thumb Code     2  stm32f4xx_hal_tim.o(i.HAL_TIM_IC_MspInit)
    HAL_TIM_IC_Start_IT                      0x08002a71   Thumb Code   240  stm32f4xx_hal_tim.o(i.HAL_TIM_IC_Start_IT)
    HAL_TIM_IRQHandler                       0x08002b7d   Thumb Code   358  stm32f4xx_hal_tim.o(i.HAL_TIM_IRQHandler)
    HAL_TIM_MspPostInit                      0x08002ce5   Thumb Code   148  tim.o(i.HAL_TIM_MspPostInit)
    HAL_TIM_OC_DelayElapsedCallback          0x08002d95   Thumb Code     2  stm32f4xx_hal_tim.o(i.HAL_TIM_OC_DelayElapsedCallback)
    HAL_TIM_PWM_ConfigChannel                0x08002d97   Thumb Code   204  stm32f4xx_hal_tim.o(i.HAL_TIM_PWM_ConfigChannel)
    HAL_TIM_PWM_Init                         0x08002e63   Thumb Code    90  stm32f4xx_hal_tim.o(i.HAL_TIM_PWM_Init)
    HAL_TIM_PWM_MspInit                      0x08002ebd   Thumb Code    30  tim.o(i.HAL_TIM_PWM_MspInit)
    HAL_TIM_PWM_PulseFinishedCallback        0x08002ee5   Thumb Code     2  stm32f4xx_hal_tim.o(i.HAL_TIM_PWM_PulseFinishedCallback)
    HAL_TIM_PWM_Start                        0x08002ee9   Thumb Code   172  stm32f4xx_hal_tim.o(i.HAL_TIM_PWM_Start)
    HAL_TIM_PeriodElapsedCallback            0x08002fb1   Thumb Code   180  main.o(i.HAL_TIM_PeriodElapsedCallback)
    HAL_TIM_TriggerCallback                  0x08003081   Thumb Code     2  stm32f4xx_hal_tim.o(i.HAL_TIM_TriggerCallback)
    HAL_UARTEx_RxEventCallback               0x08003083   Thumb Code     2  stm32f4xx_hal_uart.o(i.HAL_UARTEx_RxEventCallback)
    HAL_UART_DMAStop                         0x08003085   Thumb Code   112  stm32f4xx_hal_uart.o(i.HAL_UART_DMAStop)
    HAL_UART_ErrorCallback                   0x080030f5   Thumb Code     2  stm32f4xx_hal_uart.o(i.HAL_UART_ErrorCallback)
    HAL_UART_IRQHandler                      0x080030f9   Thumb Code   610  stm32f4xx_hal_uart.o(i.HAL_UART_IRQHandler)
    HAL_UART_Init                            0x08003361   Thumb Code    98  stm32f4xx_hal_uart.o(i.HAL_UART_Init)
    HAL_UART_MspInit                         0x080033c5   Thumb Code   418  usart.o(i.HAL_UART_MspInit)
    HAL_UART_Receive_DMA                     0x08003595   Thumb Code    42  stm32f4xx_hal_uart.o(i.HAL_UART_Receive_DMA)
    HAL_UART_RxCpltCallback                  0x080035bf   Thumb Code     2  stm32f4xx_hal_uart.o(i.HAL_UART_RxCpltCallback)
    HAL_UART_RxHalfCpltCallback              0x080035c1   Thumb Code     2  stm32f4xx_hal_uart.o(i.HAL_UART_RxHalfCpltCallback)
    HAL_UART_Transmit                        0x080035c5   Thumb Code   178  stm32f4xx_hal_uart.o(i.HAL_UART_Transmit)
    HAL_UART_TxCpltCallback                  0x08003677   Thumb Code     2  stm32f4xx_hal_uart.o(i.HAL_UART_TxCpltCallback)
    HardFault_Handler                        0x08003679   Thumb Code     2  stm32f4xx_it.o(i.HardFault_Handler)
    LEDTask                                  0x080038e9   Thumb Code   814  freertos.o(i.LEDTask)
    MX_ADC1_Init                             0x08003c29   Thumb Code    90  adc.o(i.MX_ADC1_Init)
    MX_ADC2_Init                             0x08003c91   Thumb Code    88  adc.o(i.MX_ADC2_Init)
    MX_DMA_Init                              0x08003cf5   Thumb Code    88  dma.o(i.MX_DMA_Init)
    MX_FREERTOS_Init                         0x08003d51   Thumb Code   388  freertos.o(i.MX_FREERTOS_Init)
    MX_GPIO_Init                             0x08003f05   Thumb Code   516  gpio.o(i.MX_GPIO_Init)
    MX_I2C1_Init                             0x08004129   Thumb Code    50  i2c.o(i.MX_I2C1_Init)
    MX_I2C3_Init                             0x08004169   Thumb Code    50  i2c.o(i.MX_I2C3_Init)
    MX_IWDG_Init                             0x080041a9   Thumb Code    36  iwdg.o(i.MX_IWDG_Init)
    MX_SPI1_Init                             0x080041d5   Thumb Code    62  spi.o(i.MX_SPI1_Init)
    MX_TIM2_Init                             0x0800421d   Thumb Code   190  tim.o(i.MX_TIM2_Init)
    MX_TIM3_Init                             0x080042e1   Thumb Code   152  tim.o(i.MX_TIM3_Init)
    MX_TIM5_Init                             0x08004381   Thumb Code   194  tim.o(i.MX_TIM5_Init)
    MX_TIM8_Init                             0x0800444d   Thumb Code   208  tim.o(i.MX_TIM8_Init)
    MX_USART1_UART_Init                      0x08004525   Thumb Code    48  usart.o(i.MX_USART1_UART_Init)
    MX_USART2_UART_Init                      0x0800455d   Thumb Code    48  usart.o(i.MX_USART2_UART_Init)
    MX_USART3_UART_Init                      0x08004595   Thumb Code    48  usart.o(i.MX_USART3_UART_Init)
    MX_USART6_UART_Init                      0x080045cd   Thumb Code    48  usart.o(i.MX_USART6_UART_Init)
    MemManage_Handler                        0x08004605   Thumb Code     2  stm32f4xx_it.o(i.MemManage_Handler)
    NMI_Handler                              0x08004607   Thumb Code     2  stm32f4xx_it.o(i.NMI_Handler)
    OLED_Clear                               0x08004609   Thumb Code    52  oled.o(i.OLED_Clear)
    OLED_Display_On                          0x0800463d   Thumb Code    24  oled.o(i.OLED_Display_On)
    OLED_Init                                0x08004655   Thumb Code    18  oled.o(i.OLED_Init)
    OLED_Set_Pos                             0x08004667   Thumb Code    34  oled.o(i.OLED_Set_Pos)
    OLED_ShowChar                            0x08004689   Thumb Code   126  oled.o(i.OLED_ShowChar)
    OLED_ShowString                          0x08004711   Thumb Code    54  oled.o(i.OLED_ShowString)
    OLED_WR_CMD                              0x08004749   Thumb Code    32  oled.o(i.OLED_WR_CMD)
    OLED_WR_DATA                             0x0800476d   Thumb Code    32  oled.o(i.OLED_WR_DATA)
    OLEDdriveTask                            0x08004791   Thumb Code   200  freertos.o(i.OLEDdriveTask)
    PID_Calculate                            0x080048a9   Thumb Code   570  pid.o(i.PID_Calculate)
    PID_Reset                                0x08004ae9   Thumb Code    34  pid.o(i.PID_Reset)
    ST7735_Backlight_On                      0x08004cb1   Thumb Code    10  st7735.o(i.ST7735_Backlight_On)
    ST7735_Init                              0x08004d09   Thumb Code    78  st7735.o(i.ST7735_Init)
    StartDefaultTask                         0x08004db9   Thumb Code   152  freertos.o(i.StartDefaultTask)
    SysTick_Handler                          0x08004e75   Thumb Code    26  cmsis_os2.o(i.SysTick_Handler)
    SystemClock_Config                       0x08004e91   Thumb Code   146  main.o(i.SystemClock_Config)
    SystemInit                               0x08004f2d   Thumb Code    12  system_stm32f4xx.o(i.SystemInit)
    TIM1_UP_TIM10_IRQHandler                 0x08004f3d   Thumb Code     6  stm32f4xx_it.o(i.TIM1_UP_TIM10_IRQHandler)
    TIM2_IRQHandler                          0x08004f49   Thumb Code     6  stm32f4xx_it.o(i.TIM2_IRQHandler)
    TIM8_UP_TIM13_IRQHandler                 0x08004f55   Thumb Code     6  stm32f4xx_it.o(i.TIM8_UP_TIM13_IRQHandler)
    TIM_Base_SetConfig                       0x08004f61   Thumb Code   156  stm32f4xx_hal_tim.o(i.TIM_Base_SetConfig)
    TIM_CCxChannelCmd                        0x08005029   Thumb Code    26  stm32f4xx_hal_tim.o(i.TIM_CCxChannelCmd)
    TIM_ETR_SetConfig                        0x08005043   Thumb Code    20  stm32f4xx_hal_tim.o(i.TIM_ETR_SetConfig)
    TIM_OC2_SetConfig                        0x080050c9   Thumb Code    98  stm32f4xx_hal_tim.o(i.TIM_OC2_SetConfig)
    TIM_TI1_SetConfig                        0x08005211   Thumb Code   100  stm32f4xx_hal_tim.o(i.TIM_TI1_SetConfig)
    UARTTask                                 0x080052ed   Thumb Code   582  freertos.o(i.UARTTask)
    UART_Start_Receive_DMA                   0x08005885   Thumb Code   134  stm32f4xx_hal_uart.o(i.UART_Start_Receive_DMA)
    UART_init                                0x08005991   Thumb Code   358  usart.o(i.UART_init)
    USART1_IRQHandler                        0x08005afd   Thumb Code     6  stm32f4xx_it.o(i.USART1_IRQHandler)
    USART2_IRQHandler                        0x08005b09   Thumb Code    18  stm32f4xx_it.o(i.USART2_IRQHandler)
    USART3_IRQHandler                        0x08005b25   Thumb Code     6  stm32f4xx_it.o(i.USART3_IRQHandler)
    USART6_IRQHandler                        0x08005b31   Thumb Code    18  stm32f4xx_it.o(i.USART6_IRQHandler)
    Uart2_printf                             0x08005b4d   Thumb Code    32  freertos.o(i.Uart2_printf)
    UartIRQ                                  0x08005b71   Thumb Code   114  uart_ringbuffer.o(i.UartIRQ)
    UsageFault_Handler                       0x08005be3   Thumb Code     2  stm32f4xx_it.o(i.UsageFault_Handler)
    WheelDriveTask                           0x08005be5   Thumb Code   376  freertos.o(i.WheelDriveTask)
    WriteCmd                                 0x08005d6d   Thumb Code   178  oled.o(i.WriteCmd)
    __0printf                                0x08005e21   Thumb Code    22  printfa.o(i.__0printf)
    __1printf                                0x08005e21   Thumb Code     0  printfa.o(i.__0printf)
    __2printf                                0x08005e21   Thumb Code     0  printfa.o(i.__0printf)
    __c89printf                              0x08005e21   Thumb Code     0  printfa.o(i.__0printf)
    printf                                   0x08005e21   Thumb Code     0  printfa.o(i.__0printf)
    __0sprintf                               0x08005e41   Thumb Code    34  printfa.o(i.__0sprintf)
    __1sprintf                               0x08005e41   Thumb Code     0  printfa.o(i.__0sprintf)
    __2sprintf                               0x08005e41   Thumb Code     0  printfa.o(i.__0sprintf)
    __c89sprintf                             0x08005e41   Thumb Code     0  printfa.o(i.__0sprintf)
    sprintf                                  0x08005e41   Thumb Code     0  printfa.o(i.__0sprintf)
    __hardfp_fmaxf                           0x08005e89   Thumb Code    72  fmaxf.o(i.__hardfp_fmaxf)
    __hardfp_fminf                           0x08005ed1   Thumb Code    72  fminf.o(i.__hardfp_fminf)
    __hardfp_logf                            0x08005f19   Thumb Code   320  logf.o(i.__hardfp_logf)
    __mathlib_logf                           0x08005f19   Thumb Code     0  logf.o(i.__hardfp_logf)
    __mathlib_flt_divzero                    0x08006085   Thumb Code    14  funder.o(i.__mathlib_flt_divzero)
    __mathlib_flt_infnan                     0x08006099   Thumb Code     6  funder.o(i.__mathlib_flt_infnan)
    __mathlib_flt_invalid                    0x080060a1   Thumb Code    10  funder.o(i.__mathlib_flt_invalid)
    __scatterload_copy                       0x080060b1   Thumb Code    14  handlers.o(i.__scatterload_copy)
    __scatterload_null                       0x080060bf   Thumb Code     2  handlers.o(i.__scatterload_null)
    __scatterload_zeroinit                   0x080060c1   Thumb Code    14  handlers.o(i.__scatterload_zeroinit)
    __set_errno                              0x080060d1   Thumb Code     6  errno.o(i.__set_errno)
    colume                                   0x08006971   Thumb Code    48  keyscan.o(i.colume)
    encoder_init                             0x080069a5   Thumb Code    54  encoder.o(i.encoder_init)
    encoder_reset                            0x080069e5   Thumb Code    42  encoder.o(i.encoder_reset)
    fputc                                    0x08006a15   Thumb Code    20  freertos.o(i.fputc)
    get_adc_value_pow                        0x08006a2d   Thumb Code    64  adc.o(i.get_adc_value_pow)
    kalman1_filter                           0x08006a7d   Thumb Code    82  kalman_filter.o(i.kalman1_filter)
    kalman1_init                             0x08006ad1   Thumb Code    38  kalman_filter.o(i.kalman1_init)
    keyScanTask                              0x08006b01   Thumb Code   286  freertos.o(i.keyScanTask)
    keyscan                                  0x08006c35   Thumb Code    44  keyscan.o(i.keyscan)
    main                                     0x08006c61   Thumb Code   166  main.o(i.main)
    motor                                    0x08006d15   Thumb Code   276  motor.o(i.motor)
    osDelay                                  0x08006e39   Thumb Code    26  cmsis_os2.o(i.osDelay)
    osKernelInitialize                       0x08006e55   Thumb Code    32  cmsis_os2.o(i.osKernelInitialize)
    osKernelStart                            0x08006e79   Thumb Code    48  cmsis_os2.o(i.osKernelStart)
    osMessageQueueGet                        0x08006eb1   Thumb Code    96  cmsis_os2.o(i.osMessageQueueGet)
    osMessageQueueNew                        0x08006f15   Thumb Code    88  cmsis_os2.o(i.osMessageQueueNew)
    osMessageQueuePut                        0x08006f6d   Thumb Code   100  cmsis_os2.o(i.osMessageQueuePut)
    osMutexAcquire                           0x08006fd5   Thumb Code    82  cmsis_os2.o(i.osMutexAcquire)
    osMutexNew                               0x08007027   Thumb Code   104  cmsis_os2.o(i.osMutexNew)
    osMutexRelease                           0x0800708f   Thumb Code    66  cmsis_os2.o(i.osMutexRelease)
    osSemaphoreAcquire                       0x080070d1   Thumb Code    88  cmsis_os2.o(i.osSemaphoreAcquire)
    osSemaphoreNew                           0x0800712d   Thumb Code   152  cmsis_os2.o(i.osSemaphoreNew)
    osSemaphoreRelease                       0x080071c5   Thumb Code    82  cmsis_os2.o(i.osSemaphoreRelease)
    osThreadNew                              0x0800721d   Thumb Code   138  cmsis_os2.o(i.osThreadNew)
    pvPortMalloc                             0x08007a55   Thumb Code   216  heap_4.o(i.pvPortMalloc)
    pvTaskIncrementMutexHeldCount            0x08007b31   Thumb Code    18  tasks.o(i.pvTaskIncrementMutexHeldCount)
    pxPortInitialiseStack                    0x08007b49   Thumb Code    40  port.o(i.pxPortInitialiseStack)
    readencoder                              0x08007b75   Thumb Code   100  encoder.o(i.readencoder)
    readencoderlength                        0x08007be1   Thumb Code    60  encoder.o(i.readencoderlength)
    row                                      0x08007c25   Thumb Code   142  keyscan.o(i.row)
    servo                                    0x08007cb9   Thumb Code    90  servo.o(i.servo)
    servoTask                                0x08007d2d   Thumb Code   174  freertos.o(i.servoTask)
    uxListRemove                             0x08007df5   Thumb Code    38  list.o(i.uxListRemove)
    vApplicationGetIdleTaskMemory            0x08007e1d   Thumb Code    16  cmsis_os2.o(i.vApplicationGetIdleTaskMemory)
    vApplicationGetTimerTaskMemory           0x08007e31   Thumb Code    18  cmsis_os2.o(i.vApplicationGetTimerTaskMemory)
    vListInitialise                          0x08007e49   Thumb Code    22  list.o(i.vListInitialise)
    vListInitialiseItem                      0x08007e5f   Thumb Code     6  list.o(i.vListInitialiseItem)
    vListInsert                              0x08007e65   Thumb Code    48  list.o(i.vListInsert)
    vListInsertEnd                           0x08007e95   Thumb Code    24  list.o(i.vListInsertEnd)
    vPortEnterCritical                       0x08007ead   Thumb Code    54  port.o(i.vPortEnterCritical)
    vPortExitCritical                        0x08007eed   Thumb Code    34  port.o(i.vPortExitCritical)
    vPortFree                                0x08007f15   Thumb Code    94  heap_4.o(i.vPortFree)
    vPortSetupTimerInterrupt                 0x08007f79   Thumb Code    32  port.o(i.vPortSetupTimerInterrupt)
    vPortValidateInterruptPriority           0x08007f9d   Thumb Code    74  port.o(i.vPortValidateInterruptPriority)
    vQueueAddToRegistry                      0x08007ff1   Thumb Code    34  queue.o(i.vQueueAddToRegistry)
    vQueueDelete                             0x08008019   Thumb Code    46  queue.o(i.vQueueDelete)
    vQueueUnregisterQueue                    0x08008049   Thumb Code    36  queue.o(i.vQueueUnregisterQueue)
    vQueueWaitForMessageRestricted           0x08008071   Thumb Code    68  queue.o(i.vQueueWaitForMessageRestricted)
    vTaskDelay                               0x080080b5   Thumb Code    66  tasks.o(i.vTaskDelay)
    vTaskInternalSetTimeOutState             0x08008101   Thumb Code    12  tasks.o(i.vTaskInternalSetTimeOutState)
    vTaskMissedYield                         0x08008111   Thumb Code     8  tasks.o(i.vTaskMissedYield)
    vTaskPlaceOnEventList                    0x0800811d   Thumb Code    44  tasks.o(i.vTaskPlaceOnEventList)
    vTaskPlaceOnEventListRestricted          0x0800814d   Thumb Code    52  tasks.o(i.vTaskPlaceOnEventListRestricted)
    vTaskPriorityDisinheritAfterTimeout      0x08008185   Thumb Code   134  tasks.o(i.vTaskPriorityDisinheritAfterTimeout)
    vTaskStartScheduler                      0x08008215   Thumb Code   118  tasks.o(i.vTaskStartScheduler)
    vTaskSuspendAll                          0x0800829d   Thumb Code    10  tasks.o(i.vTaskSuspendAll)
    vTaskSwitchContext                       0x080082ad   Thumb Code    90  tasks.o(i.vTaskSwitchContext)
    xPortStartScheduler                      0x08008311   Thumb Code   222  port.o(i.xPortStartScheduler)
    xPortSysTickHandler                      0x08008405   Thumb Code    38  port.o(i.xPortSysTickHandler)
    xQueueCreateCountingSemaphore            0x08008431   Thumb Code    58  queue.o(i.xQueueCreateCountingSemaphore)
    xQueueCreateCountingSemaphoreStatic      0x0800846b   Thumb Code    64  queue.o(i.xQueueCreateCountingSemaphoreStatic)
    xQueueCreateMutex                        0x080084ab   Thumb Code    22  queue.o(i.xQueueCreateMutex)
    xQueueCreateMutexStatic                  0x080084c1   Thumb Code    26  queue.o(i.xQueueCreateMutexStatic)
    xQueueGenericCreate                      0x080084db   Thumb Code    66  queue.o(i.xQueueGenericCreate)
    xQueueGenericCreateStatic                0x0800851d   Thumb Code   102  queue.o(i.xQueueGenericCreateStatic)
    xQueueGenericReset                       0x08008585   Thumb Code   132  queue.o(i.xQueueGenericReset)
    xQueueGenericSend                        0x0800860d   Thumb Code   346  queue.o(i.xQueueGenericSend)
    xQueueGenericSendFromISR                 0x0800876d   Thumb Code   190  queue.o(i.xQueueGenericSendFromISR)
    xQueueGiveFromISR                        0x0800882b   Thumb Code   156  queue.o(i.xQueueGiveFromISR)
    xQueueGiveMutexRecursive                 0x080088c7   Thumb Code    62  queue.o(i.xQueueGiveMutexRecursive)
    xQueueReceive                            0x08008905   Thumb Code   308  queue.o(i.xQueueReceive)
    xQueueReceiveFromISR                     0x08008a3d   Thumb Code   154  queue.o(i.xQueueReceiveFromISR)
    xQueueSemaphoreTake                      0x08008ad9   Thumb Code   372  queue.o(i.xQueueSemaphoreTake)
    xQueueTakeMutexRecursive                 0x08008c51   Thumb Code    64  queue.o(i.xQueueTakeMutexRecursive)
    xTaskCheckForTimeOut                     0x08008c91   Thumb Code   112  tasks.o(i.xTaskCheckForTimeOut)
    xTaskCreate                              0x08008d05   Thumb Code    90  tasks.o(i.xTaskCreate)
    xTaskCreateStatic                        0x08008d5f   Thumb Code    86  tasks.o(i.xTaskCreateStatic)
    xTaskGetCurrentTaskHandle                0x08008db5   Thumb Code     6  tasks.o(i.xTaskGetCurrentTaskHandle)
    xTaskGetSchedulerState                   0x08008dc1   Thumb Code    22  tasks.o(i.xTaskGetSchedulerState)
    xTaskGetTickCount                        0x08008ddd   Thumb Code     6  tasks.o(i.xTaskGetTickCount)
    xTaskIncrementTick                       0x08008de9   Thumb Code   192  tasks.o(i.xTaskIncrementTick)
    xTaskPriorityDisinherit                  0x08008eb1   Thumb Code   118  tasks.o(i.xTaskPriorityDisinherit)
    xTaskPriorityInherit                     0x08008f31   Thumb Code   112  tasks.o(i.xTaskPriorityInherit)
    xTaskRemoveFromEventList                 0x08008fa9   Thumb Code    98  tasks.o(i.xTaskRemoveFromEventList)
    xTaskResumeAll                           0x08009019   Thumb Code   182  tasks.o(i.xTaskResumeAll)
    xTimerCreateTimerTask                    0x080090dd   Thumb Code    78  timers.o(i.xTimerCreateTimerTask)
    xTimerGenericCommand                     0x0800913d   Thumb Code    98  timers.o(i.xTimerGenericCommand)
    F6x8                                     0x080091a4   Data         552  oled.o(.constdata)
    F8x16                                    0x080093cc   Data        1520  oled.o(.constdata)
    defaultTask_attributes                   0x08009a30   Data          36  freertos.o(.constdata)
    LED_attributes                           0x08009a54   Data          36  freertos.o(.constdata)
    WheelDrive_attributes                    0x08009a78   Data          36  freertos.o(.constdata)
    ADC_attributes                           0x08009a9c   Data          36  freertos.o(.constdata)
    OLED_attributes                          0x08009ac0   Data          36  freertos.o(.constdata)
    UART_attributes                          0x08009ae4   Data          36  freertos.o(.constdata)
    keyScan_attributes                       0x08009b08   Data          36  freertos.o(.constdata)
    servo_attributes                         0x08009b2c   Data          36  freertos.o(.constdata)
    oled_msg_attributes                      0x08009b50   Data          24  freertos.o(.constdata)
    degree_attributes                        0x08009b68   Data          24  freertos.o(.constdata)
    oled_d_attributes                        0x08009b80   Data          24  freertos.o(.constdata)
    I2C_1_attributes                         0x08009b98   Data          16  freertos.o(.constdata)
    xKey01_attributes                        0x08009ba8   Data          16  freertos.o(.constdata)
    xKey02_attributes                        0x08009bb8   Data          16  freertos.o(.constdata)
    xKey03_attributes                        0x08009bc8   Data          16  freertos.o(.constdata)
    xKey04_attributes                        0x08009bd8   Data          16  freertos.o(.constdata)
    xKey05_attributes                        0x08009be8   Data          16  freertos.o(.constdata)
    xKey06_attributes                        0x08009bf8   Data          16  freertos.o(.constdata)
    xKey07_attributes                        0x08009c08   Data          16  freertos.o(.constdata)
    xKey08_attributes                        0x08009c18   Data          16  freertos.o(.constdata)
    xKey09_attributes                        0x08009c28   Data          16  freertos.o(.constdata)
    xKey10_attributes                        0x08009c38   Data          16  freertos.o(.constdata)
    xKey11_attributes                        0x08009c48   Data          16  freertos.o(.constdata)
    xKey12_attributes                        0x08009c58   Data          16  freertos.o(.constdata)
    xKey13_attributes                        0x08009c68   Data          16  freertos.o(.constdata)
    xKey14_attributes                        0x08009c78   Data          16  freertos.o(.constdata)
    xKey15_attributes                        0x08009c88   Data          16  freertos.o(.constdata)
    xKey16_attributes                        0x08009c98   Data          16  freertos.o(.constdata)
    AHBPrescTable                            0x08009dc4   Data          16  system_stm32f4xx.o(.constdata)
    APBPrescTable                            0x08009dd4   Data           8  system_stm32f4xx.o(.constdata)
    Region$$Table$$Base                      0x08009f00   Number         0  anon$$obj.o(Region$$Table)
    Region$$Table$$Limit                     0x08009f20   Number         0  anon$$obj.o(Region$$Table)
    ok                                       0x20000000   Data           4  freertos.o(.data)
    defaultTaskHandle                        0x20000004   Data           4  freertos.o(.data)
    LEDHandle                                0x20000008   Data           4  freertos.o(.data)
    WheelDriveHandle                         0x2000000c   Data           4  freertos.o(.data)
    ADCHandle                                0x20000010   Data           4  freertos.o(.data)
    OLEDHandle                               0x20000014   Data           4  freertos.o(.data)
    UARTHandle                               0x20000018   Data           4  freertos.o(.data)
    keyScanHandle                            0x2000001c   Data           4  freertos.o(.data)
    servoHandle                              0x20000020   Data           4  freertos.o(.data)
    oled_msgHandle                           0x20000024   Data           4  freertos.o(.data)
    degreeHandle                             0x20000028   Data           4  freertos.o(.data)
    oled_dHandle                             0x2000002c   Data           4  freertos.o(.data)
    I2C_1Handle                              0x20000030   Data           4  freertos.o(.data)
    xKey01Handle                             0x20000034   Data           4  freertos.o(.data)
    xKey02Handle                             0x20000038   Data           4  freertos.o(.data)
    xKey03Handle                             0x2000003c   Data           4  freertos.o(.data)
    xKey04Handle                             0x20000040   Data           4  freertos.o(.data)
    xKey05Handle                             0x20000044   Data           4  freertos.o(.data)
    xKey06Handle                             0x20000048   Data           4  freertos.o(.data)
    xKey07Handle                             0x2000004c   Data           4  freertos.o(.data)
    xKey08Handle                             0x20000050   Data           4  freertos.o(.data)
    xKey09Handle                             0x20000054   Data           4  freertos.o(.data)
    xKey10Handle                             0x20000058   Data           4  freertos.o(.data)
    xKey11Handle                             0x2000005c   Data           4  freertos.o(.data)
    xKey12Handle                             0x20000060   Data           4  freertos.o(.data)
    xKey13Handle                             0x20000064   Data           4  freertos.o(.data)
    xKey14Handle                             0x20000068   Data           4  freertos.o(.data)
    xKey15Handle                             0x2000006c   Data           4  freertos.o(.data)
    xKey16Handle                             0x20000070   Data           4  freertos.o(.data)
    uwTickFreq                               0x20000074   Data           1  stm32f4xx_hal.o(.data)
    uwTickPrio                               0x20000078   Data           4  stm32f4xx_hal.o(.data)
    uwTick                                   0x2000007c   Data           4  stm32f4xx_hal.o(.data)
    SystemCoreClock                          0x20000080   Data           4  system_stm32f4xx.o(.data)
    pxCurrentTCB                             0x20000084   Data           4  tasks.o(.data)
    __stdout                                 0x20000104   Data           4  stdout.o(.data)
    motor1                                   0x2000010c   Data          16  encoder.o(.bss)
    motor2                                   0x2000011c   Data          16  encoder.o(.bss)
    motor3                                   0x2000012c   Data          16  encoder.o(.bss)
    motor4                                   0x2000013c   Data          16  encoder.o(.bss)
    filter                                   0x2000014c   Data          48  encoder.o(.bss)
    hadc1                                    0x2000017c   Data          72  adc.o(.bss)
    hadc2                                    0x200001c4   Data          72  adc.o(.bss)
    hi2c1                                    0x2000020c   Data          84  i2c.o(.bss)
    hi2c3                                    0x20000260   Data          84  i2c.o(.bss)
    hiwdg                                    0x200002b4   Data          12  iwdg.o(.bss)
    hspi1                                    0x200002c0   Data          88  spi.o(.bss)
    hdma_spi1_tx                             0x20000318   Data          96  spi.o(.bss)
    htim2                                    0x20000378   Data          72  tim.o(.bss)
    htim3                                    0x200003c0   Data          72  tim.o(.bss)
    htim5                                    0x20000408   Data          72  tim.o(.bss)
    htim8                                    0x20000450   Data          72  tim.o(.bss)
    g_tUART_6_RXBuf                          0x20000498   Data         128  usart.o(.bss)
    g_DMA_6_Rxbuf                            0x20000518   Data         128  usart.o(.bss)
    g_tUART_2_RXBuf                          0x20000598   Data         128  usart.o(.bss)
    g_DMA_2_Rxbuf                            0x20000618   Data         128  usart.o(.bss)
    g_tUART_6                                0x20000698   Data         192  usart.o(.bss)
    g_tUART_2                                0x20000758   Data         192  usart.o(.bss)
    huart1                                   0x20000818   Data          68  usart.o(.bss)
    huart2                                   0x2000085c   Data          68  usart.o(.bss)
    huart3                                   0x200008a0   Data          68  usart.o(.bss)
    huart6                                   0x200008e4   Data          68  usart.o(.bss)
    hdma_usart2_rx                           0x20000928   Data          96  usart.o(.bss)
    hdma_usart6_rx                           0x20000988   Data          96  usart.o(.bss)
    htim10                                   0x200009e8   Data          72  stm32f4xx_hal_timebase_tim.o(.bss)
    xQueueRegistry                           0x20000a30   Data          64  queue.o(.bss)
    __initial_sp                             0x20011b08   Data           0  startup_stm32f407xx.o(STACK)



==============================================================================

Memory Map of the image

  Image Entry point : 0x08000189

  Load Region LR_IROM1 (Base: 0x08000000, Size: 0x0000a02c, Max: 0x00100000, ABSOLUTE)

    Execution Region ER_IROM1 (Exec base: 0x08000000, Load base: 0x08000000, Size: 0x00009f20, Max: 0x00100000, ABSOLUTE)

    Exec Addr    Load Addr    Size         Type   Attr      Idx    E Section Name        Object

    0x08000000   0x08000000   0x00000188   Data   RO            3    RESET               startup_stm32f407xx.o
    0x08000188   0x08000188   0x00000000   Code   RO         6954  * .ARM.Collect$$$$00000000  mc_w.l(entry.o)
    0x08000188   0x08000188   0x00000004   Code   RO         7282    .ARM.Collect$$$$00000001  mc_w.l(entry2.o)
    0x0800018c   0x0800018c   0x00000004   Code   RO         7285    .ARM.Collect$$$$00000004  mc_w.l(entry5.o)
    0x08000190   0x08000190   0x00000000   Code   RO         7287    .ARM.Collect$$$$00000008  mc_w.l(entry7b.o)
    0x08000190   0x08000190   0x00000000   Code   RO         7289    .ARM.Collect$$$$0000000A  mc_w.l(entry8b.o)
    0x08000190   0x08000190   0x00000008   Code   RO         7290    .ARM.Collect$$$$0000000B  mc_w.l(entry9a.o)
    0x08000198   0x08000198   0x00000004   Code   RO         7297    .ARM.Collect$$$$0000000E  mc_w.l(entry12b.o)
    0x0800019c   0x0800019c   0x00000000   Code   RO         7292    .ARM.Collect$$$$0000000F  mc_w.l(entry10a.o)
    0x0800019c   0x0800019c   0x00000000   Code   RO         7294    .ARM.Collect$$$$00000011  mc_w.l(entry11a.o)
    0x0800019c   0x0800019c   0x00000004   Code   RO         7283    .ARM.Collect$$$$00002712  mc_w.l(entry2.o)
    0x080001a0   0x080001a0   0x000000be   Code   RO         6855    .emb_text           port.o
    0x0800025e   0x0800025e   0x00000002   PAD
    0x08000260   0x08000260   0x00000024   Code   RO            4    .text               startup_stm32f407xx.o
    0x08000284   0x08000284   0x00000062   Code   RO         6957    .text               mc_w.l(uldiv.o)
    0x080002e6   0x080002e6   0x00000024   Code   RO         6959    .text               mc_w.l(memcpya.o)
    0x0800030a   0x0800030a   0x00000024   Code   RO         6963    .text               mc_w.l(memseta.o)
    0x0800032e   0x0800032e   0x000000e4   Code   RO         7258    .text               mf_w.l(dmul.o)
    0x08000412   0x08000412   0x000000de   Code   RO         7260    .text               mf_w.l(ddiv.o)
    0x080004f0   0x080004f0   0x00000026   Code   RO         7264    .text               mf_w.l(f2d.o)
    0x08000516   0x08000516   0x00000038   Code   RO         7266    .text               mf_w.l(d2f.o)
    0x0800054e   0x0800054e   0x0000002c   Code   RO         7299    .text               mc_w.l(uidiv.o)
    0x0800057a   0x0800057a   0x0000001e   Code   RO         7301    .text               mc_w.l(llshl.o)
    0x08000598   0x08000598   0x00000020   Code   RO         7303    .text               mc_w.l(llushr.o)
    0x080005b8   0x080005b8   0x00000000   Code   RO         7314    .text               mc_w.l(iusefp.o)
    0x080005b8   0x080005b8   0x0000006e   Code   RO         7315    .text               mf_w.l(fepilogue.o)
    0x08000626   0x08000626   0x000000ba   Code   RO         7317    .text               mf_w.l(depilogue.o)
    0x080006e0   0x080006e0   0x0000014e   Code   RO         7319    .text               mf_w.l(dadd.o)
    0x0800082e   0x0800082e   0x00000030   Code   RO         7321    .text               mf_w.l(dfixul.o)
    0x0800085e   0x0800085e   0x00000002   PAD
    0x08000860   0x08000860   0x00000030   Code   RO         7323    .text               mf_w.l(cdrcmple.o)
    0x08000890   0x08000890   0x00000036   Code   RO         7325    .text               mf_w.l(fcmp4.o)
    0x080008c6   0x080008c6   0x00000002   PAD
    0x080008c8   0x080008c8   0x00000024   Code   RO         7327    .text               mc_w.l(init.o)
    0x080008ec   0x080008ec   0x00000024   Code   RO         7329    .text               mc_w.l(llsshr.o)
    0x08000910   0x08000910   0x00000128   Code   RO         1600    i.ADC_Init          stm32f4xx_hal_adc.o
    0x08000a38   0x08000a38   0x00000088   Code   RO          956    i.ADCtask           freertos.o
    0x08000ac0   0x08000ac0   0x00000002   Code   RO         1410    i.BusFault_Handler  stm32f4xx_it.o
    0x08000ac2   0x08000ac2   0x00000002   PAD
    0x08000ac4   0x08000ac4   0x0000000c   Code   RO         1411    i.DMA1_Stream5_IRQHandler  stm32f4xx_it.o
    0x08000ad0   0x08000ad0   0x0000000c   Code   RO         1412    i.DMA2_Stream1_IRQHandler  stm32f4xx_it.o
    0x08000adc   0x08000adc   0x0000000c   Code   RO         1413    i.DMA2_Stream3_IRQHandler  stm32f4xx_it.o
    0x08000ae8   0x08000ae8   0x00000028   Code   RO         2334    i.DMA_CalcBaseAndBitshift  stm32f4xx_hal_dma.o
    0x08000b10   0x08000b10   0x00000054   Code   RO         2335    i.DMA_CheckFifoParam  stm32f4xx_hal_dma.o
    0x08000b64   0x08000b64   0x00000028   Code   RO         2336    i.DMA_SetConfig     stm32f4xx_hal_dma.o
    0x08000b8c   0x08000b8c   0x00000002   Code   RO         1414    i.DebugMon_Handler  stm32f4xx_it.o
    0x08000b8e   0x08000b8e   0x00000006   Code   RO         1415    i.EXTI2_IRQHandler  stm32f4xx_it.o
    0x08000b94   0x08000b94   0x00000014   Code   RO          488    i.EnabledUart       uart_ringbuffer.o
    0x08000ba8   0x08000ba8   0x00000004   Code   RO          828    i.Error_Handler     main.o
    0x08000bac   0x08000bac   0x00000046   Code   RO          489    i.GetBuf            uart_ringbuffer.o
    0x08000bf2   0x08000bf2   0x00000026   Code   RO          490    i.GetChar           uart_ringbuffer.o
    0x08000c18   0x08000c18   0x0000014c   Code   RO         1602    i.HAL_ADC_ConfigChannel  stm32f4xx_hal_adc.o
    0x08000d64   0x08000d64   0x00000004   Code   RO         1608    i.HAL_ADC_GetState  stm32f4xx_hal_adc.o
    0x08000d68   0x08000d68   0x00000006   Code   RO         1609    i.HAL_ADC_GetValue  stm32f4xx_hal_adc.o
    0x08000d6e   0x08000d6e   0x00000054   Code   RO         1611    i.HAL_ADC_Init      stm32f4xx_hal_adc.o
    0x08000dc2   0x08000dc2   0x00000002   PAD
    0x08000dc4   0x08000dc4   0x00000090   Code   RO         1063    i.HAL_ADC_MspInit   adc.o
    0x08000e54   0x08000e54   0x000000aa   Code   RO         1615    i.HAL_ADC_PollForConversion  stm32f4xx_hal_adc.o
    0x08000efe   0x08000efe   0x00000002   PAD
    0x08000f00   0x08000f00   0x000000fc   Code   RO         1617    i.HAL_ADC_Start     stm32f4xx_hal_adc.o
    0x08000ffc   0x08000ffc   0x00000092   Code   RO         2337    i.HAL_DMA_Abort     stm32f4xx_hal_dma.o
    0x0800108e   0x0800108e   0x00000024   Code   RO         2338    i.HAL_DMA_Abort_IT  stm32f4xx_hal_dma.o
    0x080010b2   0x080010b2   0x00000002   PAD
    0x080010b4   0x080010b4   0x000001a0   Code   RO         2342    i.HAL_DMA_IRQHandler  stm32f4xx_hal_dma.o
    0x08001254   0x08001254   0x000000d4   Code   RO         2343    i.HAL_DMA_Init      stm32f4xx_hal_dma.o
    0x08001328   0x08001328   0x0000006e   Code   RO         2347    i.HAL_DMA_Start_IT  stm32f4xx_hal_dma.o
    0x08001396   0x08001396   0x00000002   PAD
    0x08001398   0x08001398   0x00000024   Code   RO         2756    i.HAL_Delay         stm32f4xx_hal.o
    0x080013bc   0x080013bc   0x00000002   Code   RO         2228    i.HAL_GPIO_EXTI_Callback  stm32f4xx_hal_gpio.o
    0x080013be   0x080013be   0x00000002   PAD
    0x080013c0   0x080013c0   0x00000018   Code   RO         2229    i.HAL_GPIO_EXTI_IRQHandler  stm32f4xx_hal_gpio.o
    0x080013d8   0x080013d8   0x000001f0   Code   RO         2230    i.HAL_GPIO_Init     stm32f4xx_hal_gpio.o
    0x080015c8   0x080015c8   0x0000000a   Code   RO         2232    i.HAL_GPIO_ReadPin  stm32f4xx_hal_gpio.o
    0x080015d2   0x080015d2   0x0000000a   Code   RO         2234    i.HAL_GPIO_WritePin  stm32f4xx_hal_gpio.o
    0x080015dc   0x080015dc   0x0000000c   Code   RO         2762    i.HAL_GetTick       stm32f4xx_hal.o
    0x080015e8   0x080015e8   0x00000188   Code   RO         3018    i.HAL_I2C_Init      stm32f4xx_hal_i2c.o
    0x08001770   0x08001770   0x00000130   Code   RO         3039    i.HAL_I2C_Mem_Write  stm32f4xx_hal_i2c.o
    0x080018a0   0x080018a0   0x000000d8   Code   RO         1147    i.HAL_I2C_MspInit   i2c.o
    0x08001978   0x08001978   0x0000005a   Code   RO         3457    i.HAL_IWDG_Init     stm32f4xx_hal_iwdg.o
    0x080019d2   0x080019d2   0x0000000c   Code   RO         3458    i.HAL_IWDG_Refresh  stm32f4xx_hal_iwdg.o
    0x080019de   0x080019de   0x00000002   PAD
    0x080019e0   0x080019e0   0x00000010   Code   RO         2768    i.HAL_IncTick       stm32f4xx_hal.o
    0x080019f0   0x080019f0   0x00000034   Code   RO         2769    i.HAL_Init          stm32f4xx_hal.o
    0x08001a24   0x08001a24   0x0000008c   Code   RO         1558    i.HAL_InitTick      stm32f4xx_hal_timebase_tim.o
    0x08001ab0   0x08001ab0   0x00000038   Code   RO         1534    i.HAL_MspInit       stm32f4xx_hal_msp.o
    0x08001ae8   0x08001ae8   0x0000001a   Code   RO         2619    i.HAL_NVIC_EnableIRQ  stm32f4xx_hal_cortex.o
    0x08001b02   0x08001b02   0x00000002   PAD
    0x08001b04   0x08001b04   0x00000040   Code   RO         2625    i.HAL_NVIC_SetPriority  stm32f4xx_hal_cortex.o
    0x08001b44   0x08001b44   0x00000024   Code   RO         2626    i.HAL_NVIC_SetPriorityGrouping  stm32f4xx_hal_cortex.o
    0x08001b68   0x08001b68   0x00000134   Code   RO         1876    i.HAL_RCC_ClockConfig  stm32f4xx_hal_rcc.o
    0x08001c9c   0x08001c9c   0x00000040   Code   RO         1880    i.HAL_RCC_GetClockConfig  stm32f4xx_hal_rcc.o
    0x08001cdc   0x08001cdc   0x00000020   Code   RO         1883    i.HAL_RCC_GetPCLK1Freq  stm32f4xx_hal_rcc.o
    0x08001cfc   0x08001cfc   0x00000020   Code   RO         1884    i.HAL_RCC_GetPCLK2Freq  stm32f4xx_hal_rcc.o
    0x08001d1c   0x08001d1c   0x00000060   Code   RO         1885    i.HAL_RCC_GetSysClockFreq  stm32f4xx_hal_rcc.o
    0x08001d7c   0x08001d7c   0x0000036c   Code   RO         1888    i.HAL_RCC_OscConfig  stm32f4xx_hal_rcc.o
    0x080020e8   0x080020e8   0x00000002   Code   RO         3494    i.HAL_SPI_ErrorCallback  stm32f4xx_hal_spi.o
    0x080020ea   0x080020ea   0x000000bc   Code   RO         3498    i.HAL_SPI_Init      stm32f4xx_hal_spi.o
    0x080021a6   0x080021a6   0x00000002   PAD
    0x080021a8   0x080021a8   0x000000a4   Code   RO         1225    i.HAL_SPI_MspInit   spi.o
    0x0800224c   0x0800224c   0x00000166   Code   RO         3506    i.HAL_SPI_Transmit  stm32f4xx_hal_spi.o
    0x080023b2   0x080023b2   0x00000002   PAD
    0x080023b4   0x080023b4   0x000000d8   Code   RO         3510    i.HAL_SPI_Transmit_DMA  stm32f4xx_hal_spi.o
    0x0800248c   0x0800248c   0x00000002   Code   RO         3512    i.HAL_SPI_TxCpltCallback  stm32f4xx_hal_spi.o
    0x0800248e   0x0800248e   0x00000002   Code   RO         3513    i.HAL_SPI_TxHalfCpltCallback  stm32f4xx_hal_spi.o
    0x08002490   0x08002490   0x00000002   Code   RO         4515    i.HAL_TIMEx_BreakCallback  stm32f4xx_hal_tim_ex.o
    0x08002492   0x08002492   0x00000002   Code   RO         4516    i.HAL_TIMEx_CommutCallback  stm32f4xx_hal_tim_ex.o
    0x08002494   0x08002494   0x00000054   Code   RO         4518    i.HAL_TIMEx_ConfigBreakDeadTime  stm32f4xx_hal_tim_ex.o
    0x080024e8   0x080024e8   0x00000090   Code   RO         4534    i.HAL_TIMEx_MasterConfigSynchronization  stm32f4xx_hal_tim_ex.o
    0x08002578   0x08002578   0x0000005a   Code   RO         3811    i.HAL_TIM_Base_Init  stm32f4xx_hal_tim.o
    0x080025d2   0x080025d2   0x00000002   PAD
    0x080025d4   0x080025d4   0x000000e8   Code   RO         1267    i.HAL_TIM_Base_MspInit  tim.o
    0x080026bc   0x080026bc   0x00000080   Code   RO         3816    i.HAL_TIM_Base_Start_IT  stm32f4xx_hal_tim.o
    0x0800273c   0x0800273c   0x000000dc   Code   RO         3820    i.HAL_TIM_ConfigClockSource  stm32f4xx_hal_tim.o
    0x08002818   0x08002818   0x000000dc   Code   RO          326    i.HAL_TIM_IC_CaptureCallback  encoder.o
    0x080028f4   0x080028f4   0x0000011e   Code   RO         3847    i.HAL_TIM_IC_ConfigChannel  stm32f4xx_hal_tim.o
    0x08002a12   0x08002a12   0x0000005a   Code   RO         3850    i.HAL_TIM_IC_Init   stm32f4xx_hal_tim.o
    0x08002a6c   0x08002a6c   0x00000002   Code   RO         3852    i.HAL_TIM_IC_MspInit  stm32f4xx_hal_tim.o
    0x08002a6e   0x08002a6e   0x00000002   PAD
    0x08002a70   0x08002a70   0x0000010c   Code   RO         3855    i.HAL_TIM_IC_Start_IT  stm32f4xx_hal_tim.o
    0x08002b7c   0x08002b7c   0x00000166   Code   RO         3859    i.HAL_TIM_IRQHandler  stm32f4xx_hal_tim.o
    0x08002ce2   0x08002ce2   0x00000002   PAD
    0x08002ce4   0x08002ce4   0x000000b0   Code   RO         1268    i.HAL_TIM_MspPostInit  tim.o
    0x08002d94   0x08002d94   0x00000002   Code   RO         3862    i.HAL_TIM_OC_DelayElapsedCallback  stm32f4xx_hal_tim.o
    0x08002d96   0x08002d96   0x000000cc   Code   RO         3883    i.HAL_TIM_PWM_ConfigChannel  stm32f4xx_hal_tim.o
    0x08002e62   0x08002e62   0x0000005a   Code   RO         3886    i.HAL_TIM_PWM_Init  stm32f4xx_hal_tim.o
    0x08002ebc   0x08002ebc   0x00000028   Code   RO         1270    i.HAL_TIM_PWM_MspInit  tim.o
    0x08002ee4   0x08002ee4   0x00000002   Code   RO         3889    i.HAL_TIM_PWM_PulseFinishedCallback  stm32f4xx_hal_tim.o
    0x08002ee6   0x08002ee6   0x00000002   PAD
    0x08002ee8   0x08002ee8   0x000000c8   Code   RO         3891    i.HAL_TIM_PWM_Start  stm32f4xx_hal_tim.o
    0x08002fb0   0x08002fb0   0x000000d0   Code   RO          829    i.HAL_TIM_PeriodElapsedCallback  main.o
    0x08003080   0x08003080   0x00000002   Code   RO         3902    i.HAL_TIM_TriggerCallback  stm32f4xx_hal_tim.o
    0x08003082   0x08003082   0x00000002   Code   RO         4793    i.HAL_UARTEx_RxEventCallback  stm32f4xx_hal_uart.o
    0x08003084   0x08003084   0x00000070   Code   RO         4805    i.HAL_UART_DMAStop  stm32f4xx_hal_uart.o
    0x080030f4   0x080030f4   0x00000002   Code   RO         4807    i.HAL_UART_ErrorCallback  stm32f4xx_hal_uart.o
    0x080030f6   0x080030f6   0x00000002   PAD
    0x080030f8   0x080030f8   0x00000268   Code   RO         4810    i.HAL_UART_IRQHandler  stm32f4xx_hal_uart.o
    0x08003360   0x08003360   0x00000062   Code   RO         4811    i.HAL_UART_Init     stm32f4xx_hal_uart.o
    0x080033c2   0x080033c2   0x00000002   PAD
    0x080033c4   0x080033c4   0x000001d0   Code   RO         1345    i.HAL_UART_MspInit  usart.o
    0x08003594   0x08003594   0x0000002a   Code   RO         4815    i.HAL_UART_Receive_DMA  stm32f4xx_hal_uart.o
    0x080035be   0x080035be   0x00000002   Code   RO         4817    i.HAL_UART_RxCpltCallback  stm32f4xx_hal_uart.o
    0x080035c0   0x080035c0   0x00000002   Code   RO         4818    i.HAL_UART_RxHalfCpltCallback  stm32f4xx_hal_uart.o
    0x080035c2   0x080035c2   0x00000002   PAD
    0x080035c4   0x080035c4   0x000000b2   Code   RO         4819    i.HAL_UART_Transmit  stm32f4xx_hal_uart.o
    0x08003676   0x08003676   0x00000002   Code   RO         4822    i.HAL_UART_TxCpltCallback  stm32f4xx_hal_uart.o
    0x08003678   0x08003678   0x00000002   Code   RO         1416    i.HardFault_Handler  stm32f4xx_it.o
    0x0800367a   0x0800367a   0x0000002e   Code   RO         3060    i.I2C_IsAcknowledgeFailed  stm32f4xx_hal_i2c.o
    0x080036a8   0x080036a8   0x000000a8   Code   RO         3071    i.I2C_RequestMemoryWrite  stm32f4xx_hal_i2c.o
    0x08003750   0x08003750   0x0000004c   Code   RO         3075    i.I2C_WaitOnBTFFlagUntilTimeout  stm32f4xx_hal_i2c.o
    0x0800379c   0x0800379c   0x00000068   Code   RO         3076    i.I2C_WaitOnFlagUntilTimeout  stm32f4xx_hal_i2c.o
    0x08003804   0x08003804   0x00000096   Code   RO         3077    i.I2C_WaitOnMasterAddressFlagUntilTimeout  stm32f4xx_hal_i2c.o
    0x0800389a   0x0800389a   0x0000004c   Code   RO         3079    i.I2C_WaitOnTXEFlagUntilTimeout  stm32f4xx_hal_i2c.o
    0x080038e6   0x080038e6   0x00000002   PAD
    0x080038e8   0x080038e8   0x00000340   Code   RO          957    i.LEDTask           freertos.o
    0x08003c28   0x08003c28   0x00000068   Code   RO         1064    i.MX_ADC1_Init      adc.o
    0x08003c90   0x08003c90   0x00000064   Code   RO         1065    i.MX_ADC2_Init      adc.o
    0x08003cf4   0x08003cf4   0x0000005c   Code   RO         1122    i.MX_DMA_Init       dma.o
    0x08003d50   0x08003d50   0x000001b4   Code   RO          958    i.MX_FREERTOS_Init  freertos.o
    0x08003f04   0x08003f04   0x00000224   Code   RO          932    i.MX_GPIO_Init      gpio.o
    0x08004128   0x08004128   0x00000040   Code   RO         1148    i.MX_I2C1_Init      i2c.o
    0x08004168   0x08004168   0x00000040   Code   RO         1149    i.MX_I2C3_Init      i2c.o
    0x080041a8   0x080041a8   0x0000002c   Code   RO         1194    i.MX_IWDG_Init      iwdg.o
    0x080041d4   0x080041d4   0x00000048   Code   RO         1226    i.MX_SPI1_Init      spi.o
    0x0800421c   0x0800421c   0x000000c4   Code   RO         1271    i.MX_TIM2_Init      tim.o
    0x080042e0   0x080042e0   0x000000a0   Code   RO         1272    i.MX_TIM3_Init      tim.o
    0x08004380   0x08004380   0x000000cc   Code   RO         1273    i.MX_TIM5_Init      tim.o
    0x0800444c   0x0800444c   0x000000d8   Code   RO         1274    i.MX_TIM8_Init      tim.o
    0x08004524   0x08004524   0x00000038   Code   RO         1346    i.MX_USART1_UART_Init  usart.o
    0x0800455c   0x0800455c   0x00000038   Code   RO         1347    i.MX_USART2_UART_Init  usart.o
    0x08004594   0x08004594   0x00000038   Code   RO         1348    i.MX_USART3_UART_Init  usart.o
    0x080045cc   0x080045cc   0x00000038   Code   RO         1349    i.MX_USART6_UART_Init  usart.o
    0x08004604   0x08004604   0x00000002   Code   RO         1417    i.MemManage_Handler  stm32f4xx_it.o
    0x08004606   0x08004606   0x00000002   Code   RO         1418    i.NMI_Handler       stm32f4xx_it.o
    0x08004608   0x08004608   0x00000034   Code   RO          200    i.OLED_Clear        oled.o
    0x0800463c   0x0800463c   0x00000018   Code   RO          203    i.OLED_Display_On   oled.o
    0x08004654   0x08004654   0x00000012   Code   RO          204    i.OLED_Init         oled.o
    0x08004666   0x08004666   0x00000022   Code   RO          206    i.OLED_Set_Pos      oled.o
    0x08004688   0x08004688   0x00000088   Code   RO          208    i.OLED_ShowChar     oled.o
    0x08004710   0x08004710   0x00000036   Code   RO          210    i.OLED_ShowString   oled.o
    0x08004746   0x08004746   0x00000002   PAD
    0x08004748   0x08004748   0x00000024   Code   RO          211    i.OLED_WR_CMD       oled.o
    0x0800476c   0x0800476c   0x00000024   Code   RO          212    i.OLED_WR_DATA      oled.o
    0x08004790   0x08004790   0x00000118   Code   RO          959    i.OLEDdriveTask     freertos.o
    0x080048a8   0x080048a8   0x00000240   Code   RO          380    i.PID_Calculate     pid.o
    0x08004ae8   0x08004ae8   0x00000028   Code   RO          383    i.PID_Reset         pid.o
    0x08004b10   0x08004b10   0x00000022   Code   RO         3526    i.SPI_DMAError      stm32f4xx_hal_spi.o
    0x08004b32   0x08004b32   0x0000000a   Code   RO         3528    i.SPI_DMAHalfTransmitCplt  stm32f4xx_hal_spi.o
    0x08004b3c   0x08004b3c   0x00000064   Code   RO         3532    i.SPI_DMATransmitCplt  stm32f4xx_hal_spi.o
    0x08004ba0   0x08004ba0   0x00000058   Code   RO         3536    i.SPI_EndRxTxTransaction  stm32f4xx_hal_spi.o
    0x08004bf8   0x08004bf8   0x000000b8   Code   RO         3541    i.SPI_WaitFlagStateUntilTimeout  stm32f4xx_hal_spi.o
    0x08004cb0   0x08004cb0   0x00000010   Code   RO          565    i.ST7735_Backlight_On  st7735.o
    0x08004cc0   0x08004cc0   0x00000046   Code   RO          578    i.ST7735_ExecuteCommandList  st7735.o
    0x08004d06   0x08004d06   0x00000002   PAD
    0x08004d08   0x08004d08   0x0000005c   Code   RO          589    i.ST7735_Init       st7735.o
    0x08004d64   0x08004d64   0x00000024   Code   RO          594    i.ST7735_WriteCommand  st7735.o
    0x08004d88   0x08004d88   0x00000030   Code   RO          595    i.ST7735_WriteData  st7735.o
    0x08004db8   0x08004db8   0x000000bc   Code   RO          960    i.StartDefaultTask  freertos.o
    0x08004e74   0x08004e74   0x0000001a   Code   RO         6287    i.SysTick_Handler   cmsis_os2.o
    0x08004e8e   0x08004e8e   0x00000002   PAD
    0x08004e90   0x08004e90   0x0000009c   Code   RO          830    i.SystemClock_Config  main.o
    0x08004f2c   0x08004f2c   0x00000010   Code   RO         5140    i.SystemInit        system_stm32f4xx.o
    0x08004f3c   0x08004f3c   0x0000000c   Code   RO         1419    i.TIM1_UP_TIM10_IRQHandler  stm32f4xx_it.o
    0x08004f48   0x08004f48   0x0000000c   Code   RO         1420    i.TIM2_IRQHandler   stm32f4xx_it.o
    0x08004f54   0x08004f54   0x0000000c   Code   RO         1421    i.TIM8_UP_TIM13_IRQHandler  stm32f4xx_it.o
    0x08004f60   0x08004f60   0x000000c8   Code   RO         3904    i.TIM_Base_SetConfig  stm32f4xx_hal_tim.o
    0x08005028   0x08005028   0x0000001a   Code   RO         3905    i.TIM_CCxChannelCmd  stm32f4xx_hal_tim.o
    0x08005042   0x08005042   0x00000014   Code   RO         3915    i.TIM_ETR_SetConfig  stm32f4xx_hal_tim.o
    0x08005056   0x08005056   0x00000010   Code   RO         3916    i.TIM_ITRx_SetConfig  stm32f4xx_hal_tim.o
    0x08005066   0x08005066   0x00000002   PAD
    0x08005068   0x08005068   0x00000060   Code   RO         3917    i.TIM_OC1_SetConfig  stm32f4xx_hal_tim.o
    0x080050c8   0x080050c8   0x0000006c   Code   RO         3918    i.TIM_OC2_SetConfig  stm32f4xx_hal_tim.o
    0x08005134   0x08005134   0x00000068   Code   RO         3919    i.TIM_OC3_SetConfig  stm32f4xx_hal_tim.o
    0x0800519c   0x0800519c   0x00000050   Code   RO         3920    i.TIM_OC4_SetConfig  stm32f4xx_hal_tim.o
    0x080051ec   0x080051ec   0x00000022   Code   RO         3922    i.TIM_TI1_ConfigInputStage  stm32f4xx_hal_tim.o
    0x0800520e   0x0800520e   0x00000002   PAD
    0x08005210   0x08005210   0x00000080   Code   RO         3923    i.TIM_TI1_SetConfig  stm32f4xx_hal_tim.o
    0x08005290   0x08005290   0x00000024   Code   RO         3924    i.TIM_TI2_ConfigInputStage  stm32f4xx_hal_tim.o
    0x080052b4   0x080052b4   0x00000036   Code   RO         3925    i.TIM_TI2_SetConfig  stm32f4xx_hal_tim.o
    0x080052ea   0x080052ea   0x00000002   PAD
    0x080052ec   0x080052ec   0x0000026c   Code   RO          961    i.UARTTask          freertos.o
    0x08005558   0x08005558   0x00000010   Code   RO         4824    i.UART_DMAAbortOnError  stm32f4xx_hal_uart.o
    0x08005568   0x08005568   0x0000004a   Code   RO         4825    i.UART_DMAError     stm32f4xx_hal_uart.o
    0x080055b2   0x080055b2   0x00000082   Code   RO         4826    i.UART_DMAReceiveCplt  stm32f4xx_hal_uart.o
    0x08005634   0x08005634   0x0000001a   Code   RO         4828    i.UART_DMARxHalfCplt  stm32f4xx_hal_uart.o
    0x0800564e   0x0800564e   0x0000004e   Code   RO         4834    i.UART_EndRxTransfer  stm32f4xx_hal_uart.o
    0x0800569c   0x0800569c   0x0000001c   Code   RO         4835    i.UART_EndTxTransfer  stm32f4xx_hal_uart.o
    0x080056b8   0x080056b8   0x000000c0   Code   RO         4836    i.UART_Receive_IT   stm32f4xx_hal_uart.o
    0x08005778   0x08005778   0x0000010c   Code   RO         4837    i.UART_SetConfig    stm32f4xx_hal_uart.o
    0x08005884   0x08005884   0x00000094   Code   RO         4838    i.UART_Start_Receive_DMA  stm32f4xx_hal_uart.o
    0x08005918   0x08005918   0x00000078   Code   RO         4840    i.UART_WaitOnFlagUntilTimeout  stm32f4xx_hal_uart.o
    0x08005990   0x08005990   0x0000016c   Code   RO         1350    i.UART_init         usart.o
    0x08005afc   0x08005afc   0x0000000c   Code   RO         1422    i.USART1_IRQHandler  stm32f4xx_it.o
    0x08005b08   0x08005b08   0x0000001c   Code   RO         1423    i.USART2_IRQHandler  stm32f4xx_it.o
    0x08005b24   0x08005b24   0x0000000c   Code   RO         1424    i.USART3_IRQHandler  stm32f4xx_it.o
    0x08005b30   0x08005b30   0x0000001c   Code   RO         1425    i.USART6_IRQHandler  stm32f4xx_it.o
    0x08005b4c   0x08005b4c   0x00000024   Code   RO          962    i.Uart2_printf      freertos.o
    0x08005b70   0x08005b70   0x00000072   Code   RO          491    i.UartIRQ           uart_ringbuffer.o
    0x08005be2   0x08005be2   0x00000002   Code   RO         1426    i.UsageFault_Handler  stm32f4xx_it.o
    0x08005be4   0x08005be4   0x00000188   Code   RO          964    i.WheelDriveTask    freertos.o
    0x08005d6c   0x08005d6c   0x000000b2   Code   RO          214    i.WriteCmd          oled.o
    0x08005e1e   0x08005e1e   0x00000002   PAD
    0x08005e20   0x08005e20   0x00000020   Code   RO         7202    i.__0printf         mc_w.l(printfa.o)
    0x08005e40   0x08005e40   0x00000028   Code   RO         7204    i.__0sprintf        mc_w.l(printfa.o)
    0x08005e68   0x08005e68   0x00000020   Code   RO         2632    i.__NVIC_SetPriority  stm32f4xx_hal_cortex.o
    0x08005e88   0x08005e88   0x00000048   Code   RO         6946    i.__hardfp_fmaxf    m_wm.l(fmaxf.o)
    0x08005ed0   0x08005ed0   0x00000048   Code   RO         6950    i.__hardfp_fminf    m_wm.l(fminf.o)
    0x08005f18   0x08005f18   0x0000016c   Code   RO         6932    i.__hardfp_logf     m_wm.l(logf.o)
    0x08006084   0x08006084   0x00000014   Code   RO         7268    i.__mathlib_flt_divzero  m_wm.l(funder.o)
    0x08006098   0x08006098   0x00000006   Code   RO         7269    i.__mathlib_flt_infnan  m_wm.l(funder.o)
    0x0800609e   0x0800609e   0x00000002   PAD
    0x080060a0   0x080060a0   0x00000010   Code   RO         7271    i.__mathlib_flt_invalid  m_wm.l(funder.o)
    0x080060b0   0x080060b0   0x0000000e   Code   RO         7333    i.__scatterload_copy  mc_w.l(handlers.o)
    0x080060be   0x080060be   0x00000002   Code   RO         7334    i.__scatterload_null  mc_w.l(handlers.o)
    0x080060c0   0x080060c0   0x0000000e   Code   RO         7335    i.__scatterload_zeroinit  mc_w.l(handlers.o)
    0x080060ce   0x080060ce   0x00000002   PAD
    0x080060d0   0x080060d0   0x0000000c   Code   RO         7309    i.__set_errno       mc_w.l(errno.o)
    0x080060dc   0x080060dc   0x00000184   Code   RO         7209    i._fp_digits        mc_w.l(printfa.o)
    0x08006260   0x08006260   0x000006b4   Code   RO         7210    i._printf_core      mc_w.l(printfa.o)
    0x08006914   0x08006914   0x00000024   Code   RO         7211    i._printf_post_padding  mc_w.l(printfa.o)
    0x08006938   0x08006938   0x0000002e   Code   RO         7212    i._printf_pre_padding  mc_w.l(printfa.o)
    0x08006966   0x08006966   0x0000000a   Code   RO         7214    i._sputc            mc_w.l(printfa.o)
    0x08006970   0x08006970   0x00000034   Code   RO          789    i.colume            keyscan.o
    0x080069a4   0x080069a4   0x00000040   Code   RO          327    i.encoder_init      encoder.o
    0x080069e4   0x080069e4   0x00000030   Code   RO          328    i.encoder_reset     encoder.o
    0x08006a14   0x08006a14   0x00000018   Code   RO          965    i.fputc             freertos.o
    0x08006a2c   0x08006a2c   0x00000050   Code   RO         1066    i.get_adc_value_pow  adc.o
    0x08006a7c   0x08006a7c   0x00000052   Code   RO          452    i.kalman1_filter    kalman_filter.o
    0x08006ace   0x08006ace   0x00000002   PAD
    0x08006ad0   0x08006ad0   0x00000030   Code   RO          453    i.kalman1_init      kalman_filter.o
    0x08006b00   0x08006b00   0x00000134   Code   RO          966    i.keyScanTask       freertos.o
    0x08006c34   0x08006c34   0x0000002c   Code   RO          790    i.keyscan           keyscan.o
    0x08006c60   0x08006c60   0x000000b4   Code   RO          831    i.main              main.o
    0x08006d14   0x08006d14   0x00000124   Code   RO           13    i.motor             motor.o
    0x08006e38   0x08006e38   0x0000001a   Code   RO         6289    i.osDelay           cmsis_os2.o
    0x08006e52   0x08006e52   0x00000002   PAD
    0x08006e54   0x08006e54   0x00000024   Code   RO         6303    i.osKernelInitialize  cmsis_os2.o
    0x08006e78   0x08006e78   0x00000038   Code   RO         6306    i.osKernelStart     cmsis_os2.o
    0x08006eb0   0x08006eb0   0x00000064   Code   RO         6318    i.osMessageQueueGet  cmsis_os2.o
    0x08006f14   0x08006f14   0x00000058   Code   RO         6323    i.osMessageQueueNew  cmsis_os2.o
    0x08006f6c   0x08006f6c   0x00000068   Code   RO         6324    i.osMessageQueuePut  cmsis_os2.o
    0x08006fd4   0x08006fd4   0x00000052   Code   RO         6326    i.osMutexAcquire    cmsis_os2.o
    0x08007026   0x08007026   0x00000068   Code   RO         6329    i.osMutexNew        cmsis_os2.o
    0x0800708e   0x0800708e   0x00000042   Code   RO         6330    i.osMutexRelease    cmsis_os2.o
    0x080070d0   0x080070d0   0x0000005c   Code   RO         6331    i.osSemaphoreAcquire  cmsis_os2.o
    0x0800712c   0x0800712c   0x00000098   Code   RO         6334    i.osSemaphoreNew    cmsis_os2.o
    0x080071c4   0x080071c4   0x00000058   Code   RO         6335    i.osSemaphoreRelease  cmsis_os2.o
    0x0800721c   0x0800721c   0x0000008a   Code   RO         6348    i.osThreadNew       cmsis_os2.o
    0x080072a6   0x080072a6   0x00000002   PAD
    0x080072a8   0x080072a8   0x0000005c   Code   RO         5748    i.prvAddCurrentTaskToDelayedList  tasks.o
    0x08007304   0x08007304   0x000000d0   Code   RO         5749    i.prvAddNewTaskToReadyList  tasks.o
    0x080073d4   0x080073d4   0x00000058   Code   RO         6113    i.prvCheckForValidListAndQueue  timers.o
    0x0800742c   0x0800742c   0x00000026   Code   RO         5345    i.prvCopyDataFromQueue  queue.o
    0x08007452   0x08007452   0x0000006c   Code   RO         5346    i.prvCopyDataToQueue  queue.o
    0x080074be   0x080074be   0x00000034   Code   RO         5750    i.prvDeleteTCB      tasks.o
    0x080074f2   0x080074f2   0x00000002   PAD
    0x080074f4   0x080074f4   0x0000004c   Code   RO         6800    i.prvHeapInit       heap_4.o
    0x08007540   0x08007540   0x00000060   Code   RO         5751    i.prvIdleTask       tasks.o
    0x080075a0   0x080075a0   0x00000016   Code   RO         5347    i.prvInitialiseMutex  queue.o
    0x080075b6   0x080075b6   0x00000002   PAD
    0x080075b8   0x080075b8   0x00000022   Code   RO         5348    i.prvInitialiseNewQueue  queue.o
    0x080075da   0x080075da   0x00000002   PAD
    0x080075dc   0x080075dc   0x000000b0   Code   RO         5752    i.prvInitialiseNewTask  tasks.o
    0x0800768c   0x0800768c   0x0000004c   Code   RO         6801    i.prvInsertBlockIntoFreeList  heap_4.o
    0x080076d8   0x080076d8   0x00000038   Code   RO         6115    i.prvInsertTimerInActiveList  timers.o
    0x08007710   0x08007710   0x0000001c   Code   RO         5349    i.prvIsQueueEmpty   queue.o
    0x0800772c   0x0800772c   0x000000fc   Code   RO         6116    i.prvProcessReceivedCommands  timers.o
    0x08007828   0x08007828   0x000000c0   Code   RO         6117    i.prvProcessTimerOrBlockTask  timers.o
    0x080078e8   0x080078e8   0x00000020   Code   RO         5754    i.prvResetNextTaskUnblockTime  tasks.o
    0x08007908   0x08007908   0x00000028   Code   RO         6118    i.prvSampleTimeNow  timers.o
    0x08007930   0x08007930   0x0000006c   Code   RO         6119    i.prvSwitchTimerLists  timers.o
    0x0800799c   0x0800799c   0x00000028   Code   RO         6856    i.prvTaskExitError  port.o
    0x080079c4   0x080079c4   0x00000024   Code   RO         6120    i.prvTimerTask      timers.o
    0x080079e8   0x080079e8   0x0000006a   Code   RO         5350    i.prvUnlockQueue    queue.o
    0x08007a52   0x08007a52   0x00000002   PAD
    0x08007a54   0x08007a54   0x000000dc   Code   RO         6802    i.pvPortMalloc      heap_4.o
    0x08007b30   0x08007b30   0x00000018   Code   RO         5757    i.pvTaskIncrementMutexHeldCount  tasks.o
    0x08007b48   0x08007b48   0x0000002c   Code   RO         6857    i.pxPortInitialiseStack  port.o
    0x08007b74   0x08007b74   0x0000006c   Code   RO          329    i.readencoder       encoder.o
    0x08007be0   0x08007be0   0x00000044   Code   RO          330    i.readencoderlength  encoder.o
    0x08007c24   0x08007c24   0x00000094   Code   RO          791    i.row               keyscan.o
    0x08007cb8   0x08007cb8   0x00000074   Code   RO          537    i.servo             servo.o
    0x08007d2c   0x08007d2c   0x000000c8   Code   RO          967    i.servoTask         freertos.o
    0x08007df4   0x08007df4   0x00000026   Code   RO         5305    i.uxListRemove      list.o
    0x08007e1a   0x08007e1a   0x00000002   PAD
    0x08007e1c   0x08007e1c   0x00000014   Code   RO         6360    i.vApplicationGetIdleTaskMemory  cmsis_os2.o
    0x08007e30   0x08007e30   0x00000018   Code   RO         6361    i.vApplicationGetTimerTaskMemory  cmsis_os2.o
    0x08007e48   0x08007e48   0x00000016   Code   RO         5306    i.vListInitialise   list.o
    0x08007e5e   0x08007e5e   0x00000006   Code   RO         5307    i.vListInitialiseItem  list.o
    0x08007e64   0x08007e64   0x00000030   Code   RO         5308    i.vListInsert       list.o
    0x08007e94   0x08007e94   0x00000018   Code   RO         5309    i.vListInsertEnd    list.o
    0x08007eac   0x08007eac   0x00000040   Code   RO         6859    i.vPortEnterCritical  port.o
    0x08007eec   0x08007eec   0x00000028   Code   RO         6860    i.vPortExitCritical  port.o
    0x08007f14   0x08007f14   0x00000064   Code   RO         6803    i.vPortFree         heap_4.o
    0x08007f78   0x08007f78   0x00000024   Code   RO         6861    i.vPortSetupTimerInterrupt  port.o
    0x08007f9c   0x08007f9c   0x00000054   Code   RO         6862    i.vPortValidateInterruptPriority  port.o
    0x08007ff0   0x08007ff0   0x00000028   Code   RO         5356    i.vQueueAddToRegistry  queue.o
    0x08008018   0x08008018   0x0000002e   Code   RO         5357    i.vQueueDelete      queue.o
    0x08008046   0x08008046   0x00000002   PAD
    0x08008048   0x08008048   0x00000028   Code   RO         5359    i.vQueueUnregisterQueue  queue.o
    0x08008070   0x08008070   0x00000044   Code   RO         5360    i.vQueueWaitForMessageRestricted  queue.o
    0x080080b4   0x080080b4   0x0000004c   Code   RO         5767    i.vTaskDelay        tasks.o
    0x08008100   0x08008100   0x00000010   Code   RO         5772    i.vTaskInternalSetTimeOutState  tasks.o
    0x08008110   0x08008110   0x0000000c   Code   RO         5773    i.vTaskMissedYield  tasks.o
    0x0800811c   0x0800811c   0x00000030   Code   RO         5775    i.vTaskPlaceOnEventList  tasks.o
    0x0800814c   0x0800814c   0x00000038   Code   RO         5776    i.vTaskPlaceOnEventListRestricted  tasks.o
    0x08008184   0x08008184   0x00000090   Code   RO         5778    i.vTaskPriorityDisinheritAfterTimeout  tasks.o
    0x08008214   0x08008214   0x00000088   Code   RO         5784    i.vTaskStartScheduler  tasks.o
    0x0800829c   0x0800829c   0x00000010   Code   RO         5786    i.vTaskSuspendAll   tasks.o
    0x080082ac   0x080082ac   0x00000064   Code   RO         5787    i.vTaskSwitchContext  tasks.o
    0x08008310   0x08008310   0x000000f4   Code   RO         6863    i.xPortStartScheduler  port.o
    0x08008404   0x08008404   0x0000002c   Code   RO         6864    i.xPortSysTickHandler  port.o
    0x08008430   0x08008430   0x0000003a   Code   RO         5361    i.xQueueCreateCountingSemaphore  queue.o
    0x0800846a   0x0800846a   0x00000040   Code   RO         5362    i.xQueueCreateCountingSemaphoreStatic  queue.o
    0x080084aa   0x080084aa   0x00000016   Code   RO         5363    i.xQueueCreateMutex  queue.o
    0x080084c0   0x080084c0   0x0000001a   Code   RO         5364    i.xQueueCreateMutexStatic  queue.o
    0x080084da   0x080084da   0x00000042   Code   RO         5365    i.xQueueGenericCreate  queue.o
    0x0800851c   0x0800851c   0x00000066   Code   RO         5366    i.xQueueGenericCreateStatic  queue.o
    0x08008582   0x08008582   0x00000002   PAD
    0x08008584   0x08008584   0x00000088   Code   RO         5367    i.xQueueGenericReset  queue.o
    0x0800860c   0x0800860c   0x00000160   Code   RO         5368    i.xQueueGenericSend  queue.o
    0x0800876c   0x0800876c   0x000000be   Code   RO         5369    i.xQueueGenericSendFromISR  queue.o
    0x0800882a   0x0800882a   0x0000009c   Code   RO         5372    i.xQueueGiveFromISR  queue.o
    0x080088c6   0x080088c6   0x0000003e   Code   RO         5373    i.xQueueGiveMutexRecursive  queue.o
    0x08008904   0x08008904   0x00000138   Code   RO         5378    i.xQueueReceive     queue.o
    0x08008a3c   0x08008a3c   0x0000009a   Code   RO         5379    i.xQueueReceiveFromISR  queue.o
    0x08008ad6   0x08008ad6   0x00000002   PAD
    0x08008ad8   0x08008ad8   0x00000178   Code   RO         5380    i.xQueueSemaphoreTake  queue.o
    0x08008c50   0x08008c50   0x00000040   Code   RO         5381    i.xQueueTakeMutexRecursive  queue.o
    0x08008c90   0x08008c90   0x00000074   Code   RO         5789    i.xTaskCheckForTimeOut  tasks.o
    0x08008d04   0x08008d04   0x0000005a   Code   RO         5790    i.xTaskCreate       tasks.o
    0x08008d5e   0x08008d5e   0x00000056   Code   RO         5791    i.xTaskCreateStatic  tasks.o
    0x08008db4   0x08008db4   0x0000000c   Code   RO         5794    i.xTaskGetCurrentTaskHandle  tasks.o
    0x08008dc0   0x08008dc0   0x0000001c   Code   RO         5795    i.xTaskGetSchedulerState  tasks.o
    0x08008ddc   0x08008ddc   0x0000000c   Code   RO         5796    i.xTaskGetTickCount  tasks.o
    0x08008de8   0x08008de8   0x000000c8   Code   RO         5798    i.xTaskIncrementTick  tasks.o
    0x08008eb0   0x08008eb0   0x00000080   Code   RO         5801    i.xTaskPriorityDisinherit  tasks.o
    0x08008f30   0x08008f30   0x00000078   Code   RO         5802    i.xTaskPriorityInherit  tasks.o
    0x08008fa8   0x08008fa8   0x00000070   Code   RO         5803    i.xTaskRemoveFromEventList  tasks.o
    0x08009018   0x08009018   0x000000c4   Code   RO         5804    i.xTaskResumeAll    tasks.o
    0x080090dc   0x080090dc   0x00000060   Code   RO         6129    i.xTimerCreateTimerTask  timers.o
    0x0800913c   0x0800913c   0x00000068   Code   RO         6130    i.xTimerGenericCommand  timers.o
    0x080091a4   0x080091a4   0x00000818   Data   RO          216    .constdata          oled.o
    0x080099bc   0x080099bc   0x00000073   Data   RO          596    .constdata          st7735.o
    0x08009a2f   0x08009a2f   0x00000001   PAD
    0x08009a30   0x08009a30   0x0000038c   Data   RO          968    .constdata          freertos.o
    0x08009dbc   0x08009dbc   0x00000008   Data   RO         2349    .constdata          stm32f4xx_hal_dma.o
    0x08009dc4   0x08009dc4   0x00000010   Data   RO         5141    .constdata          system_stm32f4xx.o
    0x08009dd4   0x08009dd4   0x00000008   Data   RO         5142    .constdata          system_stm32f4xx.o
    0x08009ddc   0x08009ddc   0x00000040   Data   RO         6935    .constdata          m_wm.l(logf.o)
    0x08009e1c   0x08009e1c   0x000000e2   Data   RO          969    .conststring        freertos.o
    0x08009efe   0x08009efe   0x00000002   PAD
    0x08009f00   0x08009f00   0x00000020   Data   RO         7331    Region$$Table       anon$$obj.o


    Execution Region RW_IRAM1 (Exec base: 0x20000000, Load base: 0x08009f20, Size: 0x00011b08, Max: 0x0001c000, ABSOLUTE)

    Exec Addr    Load Addr    Size         Type   Attr      Idx    E Section Name        Object

    0x20000000   0x08009f20   0x00000074   Data   RW          970    .data               freertos.o
    0x20000074   0x08009f94   0x0000000c   Data   RW         2776    .data               stm32f4xx_hal.o
    0x20000080   0x08009fa0   0x00000004   Data   RW         5143    .data               system_stm32f4xx.o
    0x20000084   0x08009fa4   0x0000003c   Data   RW         5807    .data               tasks.o
    0x200000c0   0x08009fe0   0x00000014   Data   RW         6138    .data               timers.o
    0x200000d4   0x08009ff4   0x00000004   Data   RW         6363    .data               cmsis_os2.o
    0x200000d8   0x08009ff8   0x00000020   Data   RW         6809    .data               heap_4.o
    0x200000f8   0x0800a018   0x0000000c   Data   RW         6865    .data               port.o
    0x20000104   0x0800a024   0x00000004   Data   RW         7298    .data               mc_w.l(stdout.o)
    0x20000108   0x0800a028   0x00000004   Data   RW         7310    .data               mc_w.l(errno.o)
    0x2000010c        -       0x00000070   Zero   RW          331    .bss                encoder.o
    0x2000017c        -       0x00000090   Zero   RW         1068    .bss                adc.o
    0x2000020c        -       0x000000a8   Zero   RW         1150    .bss                i2c.o
    0x200002b4        -       0x0000000c   Zero   RW         1195    .bss                iwdg.o
    0x200002c0        -       0x000000b8   Zero   RW         1227    .bss                spi.o
    0x20000378        -       0x00000120   Zero   RW         1275    .bss                tim.o
    0x20000498        -       0x00000550   Zero   RW         1351    .bss                usart.o
    0x200009e8        -       0x00000048   Zero   RW         1561    .bss                stm32f4xx_hal_timebase_tim.o
    0x20000a30        -       0x00000040   Zero   RW         5382    .bss                queue.o
    0x20000a70        -       0x000004c4   Zero   RW         5806    .bss                tasks.o
    0x20000f34        -       0x00000118   Zero   RW         6137    .bss                timers.o
    0x2000104c        -       0x000006b8   Zero   RW         6362    .bss                cmsis_os2.o
    0x20001704        -       0x00010000   Zero   RW         6808    .bss                heap_4.o
    0x20011704   0x0800a02c   0x00000004   PAD
    0x20011708        -       0x00000400   Zero   RW            1    STACK               startup_stm32f407xx.o


    Execution Region RW_IRAM2 (Exec base: 0x2001c000, Load base: 0x0800a02c, Size: 0x00000000, Max: 0x00004000, ABSOLUTE)

    **** No section assigned to this execution region ****


==============================================================================

Image component sizes


      Code (inc. data)   RO Data    RW Data    ZI Data      Debug   Object Name

       428         60          0          0        144       2962   adc.o
      1202         40          0          4       1720      74109   cmsis_os2.o
        92          4          0          0          0        818   dma.o
       508         46          0          0        112       4195   encoder.o
         0          0          0          0          0      19484   event_groups.o
      3452        322       1134        116          0      13592   freertos.o
       548         32          0          0          0       1275   gpio.o
       472         24          0         32      65536       4859   heap_4.o
       344         54          0          0        168       2378   i2c.o
        44          8          0          0         12        715   iwdg.o
       130         10          0          0          0       2036   kalman_filter.o
       244         10          0          0          0       1829   keyscan.o
       138          0          0          0          0       3538   list.o
       548         52          0          0          0      15128   main.o
       292         16          0          0          0     722444   motor.o
       568         18       2072          0          0       6227   oled.o
       616         12          0          0          0       2548   pid.o
       786         82          0         12          0      11461   port.o
      2670         28          0          0         64      30136   queue.o
       116         26          0          0          0        628   servo.o
       236         32          0          0        184       1758   spi.o
       262         38        115          0          0       5082   st7735.o
        36          8        392          0       1024        832   startup_stm32f407xx.o
       116         18          0         12          0       8690   stm32f4xx_hal.o
      1144         52          0          0          0       5829   stm32f4xx_hal_adc.o
       158         14          0          0          0      33158   stm32f4xx_hal_cortex.o
      1084         16          8          0          0       7310   stm32f4xx_hal_dma.o
       542         52          0          0          0       4003   stm32f4xx_hal_gpio.o
      1316         32          0          0          0       9407   stm32f4xx_hal_i2c.o
       102          0          0          0          0       1875   stm32f4xx_hal_iwdg.o
        56          4          0          0          0        858   stm32f4xx_hal_msp.o
      1408         82          0          0          0       5869   stm32f4xx_hal_rcc.o
      1184         26          0          0          0       9039   stm32f4xx_hal_spi.o
      2844        192          0          0          0      20711   stm32f4xx_hal_tim.o
       232         28          0          0          0       3253   stm32f4xx_hal_tim_ex.o
       140         20          0          0         72       1416   stm32f4xx_hal_timebase_tim.o
      2136         30          0          0          0      15933   stm32f4xx_hal_uart.o
       170         68          0          0          0       8018   stm32f4xx_it.o
         0          0          0          0          0        424   stream_buffer.o
        16          4         24          4          0       1115   system_stm32f4xx.o
      2384        198          0         60       1220      29941   tasks.o
      1224         92          0          0        288       5649   tim.o
       972         80          0         20        280      32087   timers.o
       242          0          0          0          0       3847   uart_ringbuffer.o
      1052         84          0          0       1360       4847   usart.o

    ----------------------------------------------------------------------
     32328       2014       3780        260      72188    1141313   Object Totals
         0          0         32          0          0          0   (incl. Generated)
        74          0          3          0          4          0   (incl. Padding)

    ----------------------------------------------------------------------

      Code (inc. data)   RO Data    RW Data    ZI Data      Debug   Library Member Name

        72          0          0          0          0        148   fmaxf.o
        72          0          0          0          0        148   fminf.o
        42         12          0          0          0        348   funder.o
       364         44         64          0          0        140   logf.o
         0          0          0          0          0          0   entry.o
         0          0          0          0          0          0   entry10a.o
         0          0          0          0          0          0   entry11a.o
         4          0          0          0          0          0   entry12b.o
         8          4          0          0          0          0   entry2.o
         4          0          0          0          0          0   entry5.o
         0          0          0          0          0          0   entry7b.o
         0          0          0          0          0          0   entry8b.o
         8          4          0          0          0          0   entry9a.o
        12          6          0          4          0         68   errno.o
        30          0          0          0          0          0   handlers.o
        36          8          0          0          0         68   init.o
         0          0          0          0          0          0   iusefp.o
        30          0          0          0          0         68   llshl.o
        36          0          0          0          0         68   llsshr.o
        32          0          0          0          0         68   llushr.o
        36          0          0          0          0         68   memcpya.o
        36          0          0          0          0        108   memseta.o
      2268         96          0          0          0        616   printfa.o
         0          0          0          4          0          0   stdout.o
        44          0          0          0          0         80   uidiv.o
        98          0          0          0          0         92   uldiv.o
        48          0          0          0          0         68   cdrcmple.o
        56          0          0          0          0         88   d2f.o
       334          0          0          0          0        148   dadd.o
       222          0          0          0          0        100   ddiv.o
       186          0          0          0          0        176   depilogue.o
        48          0          0          0          0         68   dfixul.o
       228          0          0          0          0         96   dmul.o
        38          0          0          0          0         68   f2d.o
        54          0          0          0          0         68   fcmp4.o
       110          0          0          0          0        168   fepilogue.o

    ----------------------------------------------------------------------
      4564        174         64          8          0       3136   Library Totals
         8          0          0          0          0          0   (incl. Padding)

    ----------------------------------------------------------------------

      Code (inc. data)   RO Data    RW Data    ZI Data      Debug   Library Name

       550         56         64          0          0        784   m_wm.l
      2682        118          0          8          0       1304   mc_w.l
      1324          0          0          0          0       1048   mf_w.l

    ----------------------------------------------------------------------
      4564        174         64          8          0       3136   Library Totals

    ----------------------------------------------------------------------

==============================================================================


      Code (inc. data)   RO Data    RW Data    ZI Data      Debug   

     36892       2188       3844        268      72188    1114957   Grand Totals
     36892       2188       3844        268      72188    1114957   ELF Image Totals
     36892       2188       3844        268          0          0   ROM Totals

==============================================================================

    Total RO  Size (Code + RO Data)                40736 (  39.78kB)
    Total RW  Size (RW Data + ZI Data)             72456 (  70.76kB)
    Total ROM Size (Code + RO Data + RW Data)      41004 (  40.04kB)

==============================================================================

